Archive member included because of file (symbol)

c:/program files (x86)/microchip/xc32/v1.42/bin/bin/../../lib/gcc/pic32mx/4.8.3/fpu64\libgcc.a(_udivdi3.o)
                              build/pic32mz_ef_sk__meb2/debug/_ext/2110151058/sys_tmr.o (__udivdi3)
c:/program files (x86)/microchip/xc32/v1.42/bin/bin/../../lib/gcc/pic32mx/4.8.3/../../../../pic32mx/lib/fpu64\libpic32.a(memcmp.o)
                              build/pic32mz_ef_sk__meb2/debug/_ext/1360937237/custom_http_app.o (memcmp)
c:/program files (x86)/microchip/xc32/v1.42/bin/bin/../../lib/gcc/pic32mx/4.8.3/../../../../pic32mx/lib/fpu64\libpic32.a(memcpy.o)
                              build/pic32mz_ef_sk__meb2/debug/_ext/1360937237/custom_http_app.o (memcpy)
c:/program files (x86)/microchip/xc32/v1.42/bin/bin/../../lib/gcc/pic32mx/4.8.3/../../../../pic32mx/lib/fpu64\libpic32.a(memset.o)
                              build/pic32mz_ef_sk__meb2/debug/_ext/2046866571/deflate.o (memset)
c:/program files (x86)/microchip/xc32/v1.42/bin/bin/../../lib/gcc/pic32mx/4.8.3/../../../../pic32mx/lib/fpu64\libpic32.a(strcmp.o)
                              build/pic32mz_ef_sk__meb2/debug/_ext/1360937237/app.o (strcmp)
c:/program files (x86)/microchip/xc32/v1.42/bin/bin/../../lib/gcc/pic32mx/4.8.3/../../../../pic32mx/lib/fpu64\libpic32.a(strcpy.o)
                              build/pic32mz_ef_sk__meb2/debug/_ext/1360937237/custom_http_app.o (strcpy)
c:/program files (x86)/microchip/xc32/v1.42/bin/bin/../../lib/gcc/pic32mx/4.8.3/../../../../pic32mx/lib/fpu64\libpic32.a(strlen.o)
                              build/pic32mz_ef_sk__meb2/debug/_ext/1360937237/custom_http_app.o (strlen)
c:/program files (x86)/microchip/xc32/v1.42/bin/bin/../../lib/gcc/pic32mx/4.8.3/../../../../pic32mx/lib/fpu64\libpic32.a(default-bootstrap-exception-handler.o)
                              c:/program files (x86)/microchip/xc32/v1.42/bin/bin/../../lib/gcc/pic32mx/4.8.3/../../../../pic32mx/lib/./proc/32MZ2048EFH144/crt0_mips32r2.o (_bootstrap_exception_handler)
c:/program files (x86)/microchip/xc32/v1.42/bin/bin/../../lib/gcc/pic32mx/4.8.3/../../../../pic32mx/lib/fpu64\libpic32.a(default-on-reset.o)
                              c:/program files (x86)/microchip/xc32/v1.42/bin/bin/../../lib/gcc/pic32mx/4.8.3/../../../../pic32mx/lib/./proc/32MZ2048EFH144/crt0_mips32r2.o (_on_reset)
c:/program files (x86)/microchip/xc32/v1.42/bin/bin/../../lib/gcc/pic32mx/4.8.3/../../../../pic32mx/lib/fpu64\libpic32.a(default-on-bootstrap.o)
                              c:/program files (x86)/microchip/xc32/v1.42/bin/bin/../../lib/gcc/pic32mx/4.8.3/../../../../pic32mx/lib/./proc/32MZ2048EFH144/crt0_mips32r2.o (_on_bootstrap)
c:/program files (x86)/microchip/xc32/v1.42/bin/bin/../../lib/gcc/pic32mx/4.8.3/../../../../pic32mx/lib/fpu64\libpic32.a(default-nmi-handler.o)
                              c:/program files (x86)/microchip/xc32/v1.42/bin/bin/../../lib/gcc/pic32mx/4.8.3/../../../../pic32mx/lib/./proc/32MZ2048EFH144/crt0_mips32r2.o (_nmi_handler)
c:/program files (x86)/microchip/xc32/v1.42/bin/bin/../../lib/gcc/pic32mx/4.8.3/../../../../pic32mx/lib/fpu64\libpic32.a(pic32_init_cache.o)
                              c:/program files (x86)/microchip/xc32/v1.42/bin/bin/../../lib/gcc/pic32mx/4.8.3/../../../../pic32mx/lib/./proc/32MZ2048EFH144/crt0_mips32r2.o (__pic32_init_cache)
c:/program files (x86)/microchip/xc32/v1.42/bin/bin/../../lib/gcc/pic32mx/4.8.3/../../../../pic32mx/lib/fpu64\libpic32.a(pic32_init_tlb_ebi_sqi.o)
                              c:/program files (x86)/microchip/xc32/v1.42/bin/bin/../../lib/gcc/pic32mx/4.8.3/../../../../pic32mx/lib/./proc/32MZ2048EFH144/crt0_mips32r2.o (__pic32_tlb_init_ebi_sqi)
c:/program files (x86)/microchip/xc32/v1.42/bin/bin/../../lib/gcc/pic32mx/4.8.3/../../../../pic32mx/lib/fpu64\libpic32.a(general-exception.o)
                              c:/program files (x86)/microchip/xc32/v1.42/bin/bin/../../lib/gcc/pic32mx/4.8.3/../../../../pic32mx/lib/./proc/32MZ2048EFH144/crt0_mips32r2.o (_general_exception_context)
c:/program files (x86)/microchip/xc32/v1.42/bin/bin/../../lib/gcc/pic32mx/4.8.3/../../../../pic32mx/lib/fpu64\libpic32.a(cache-err-exception.o)
                              c:/program files (x86)/microchip/xc32/v1.42/bin/bin/../../lib/gcc/pic32mx/4.8.3/../../../../pic32mx/lib/./proc/32MZ2048EFH144/crt0_mips32r2.o (_cache_err_exception_context)
c:/program files (x86)/microchip/xc32/v1.42/bin/bin/../../lib/gcc/pic32mx/4.8.3/../../../../pic32mx/lib/fpu64\libpic32.a(simple-tlb-refill-exception.o)
                              c:/program files (x86)/microchip/xc32/v1.42/bin/bin/../../lib/gcc/pic32mx/4.8.3/../../../../pic32mx/lib/./proc/32MZ2048EFH144/crt0_mips32r2.o (_simple_tlb_refill_exception_context)
c:/program files (x86)/microchip/xc32/v1.42/bin/bin/../../lib/gcc/pic32mx/4.8.3/../../../../pic32mx/lib/fpu64\libpic32.a(defaultinterrupt.o)
[...]
Memory Configuration

Name             Origin             Length             Attributes
kseg0_program_mem 0x9d000000         0x00200000         xr
kseg0_boot_mem   0x9fc004b0         0x00000000
kseg1_boot_mem   0xbfc00000         0x00000480
kseg1_boot_mem_4B0 0xbfc004b0         0x0000fa50
config_BFC0FF40  0xbfc0ff40         0x00000004
config_BFC0FF44  0xbfc0ff44         0x00000004
config_BFC0FF48  0xbfc0ff48         0x00000004
config_BFC0FF4C  0xbfc0ff4c         0x00000004
config_BFC0FF50  0xbfc0ff50         0x00000004
config_BFC0FF54  0xbfc0ff54         0x00000004
config_BFC0FF58  0xbfc0ff58         0x00000004
config_BFC0FF5C  0xbfc0ff5c         0x00000004
config_BFC0FF60  0xbfc0ff60         0x00000004
config_BFC0FF64  0xbfc0ff64         0x00000004
config_BFC0FF68  0xbfc0ff68         0x00000004
config_BFC0FF6C  0xbfc0ff6c         0x00000004
config_BFC0FF70  0xbfc0ff70         0x00000004
config_BFC0FF74  0xbfc0ff74         0x00000004
config_BFC0FF78  0xbfc0ff78         0x00000004
config_BFC0FF7C  0xbfc0ff7c         0x00000004
config_BFC0FFC0  0xbfc0ffc0         0x00000004
config_BFC0FFC4  0xbfc0ffc4         0x00000004
config_BFC0FFC8  0xbfc0ffc8         0x00000004
config_BFC0FFCC  0xbfc0ffcc         0x00000004
config_BFC0FFD0  0xbfc0ffd0         0x00000004
config_BFC0FFD4  0xbfc0ffd4         0x00000004
config_BFC0FFD8  0xbfc0ffd8         0x00000004
config_BFC0FFDC  0xbfc0ffdc         0x00000004
config_BFC0FFE0  0xbfc0ffe0         0x00000004
config_BFC0FFE4  0xbfc0ffe4         0x00000004
config_BFC0FFE8  0xbfc0ffe8         0x00000004
config_BFC0FFEC  0xbfc0ffec         0x00000004
config_BFC0FFF0  0xbfc0fff0         0x00000004
config_BFC0FFF4  0xbfc0fff4         0x00000004
config_BFC0FFF8  0xbfc0fff8         0x00000004
config_BFC0FFFC  0xbfc0fffc         0x00000004
lowerbootaliaslastpage 0xbfc10000         0x00004000
upperbootalias   0xbfc20000         0x0000ff00
config_BFC2FF40  0xbfc2ff40         0x00000004
config_BFC2FF44  0xbfc2ff44         0x00000004
config_BFC2FF48  0xbfc2ff48         0x00000004
config_BFC2FF4C  0xbfc2ff4c         0x00000004
config_BFC2FF50  0xbfc2ff50         0x00000004
config_BFC2FF54  0xbfc2ff54         0x00000004
config_BFC2FF58  0xbfc2ff58         0x00000004
config_BFC2FF5C  0xbfc2ff5c         0x00000004
config_BFC2FF60  0xbfc2ff60         0x00000004
config_BFC2FF64  0xbfc2ff64         0x00000004
config_BFC2FF68  0xbfc2ff68         0x00000004
config_BFC2FF6C  0xbfc2ff6c         0x00000004
config_BFC2FF70  0xbfc2ff70         0x00000004
config_BFC2FF74  0xbfc2ff74         0x00000004
config_BFC2FF78  0xbfc2ff78         0x00000004
config_BFC2FF7C  0xbfc2ff7c         0x00000004
config_BFC2FFC0  0xbfc2ffc0         0x00000004
config_BFC2FFC4  0xbfc2ffc4         0x00000004
config_BFC2FFC8  0xbfc2ffc8         0x00000004
config_BFC2FFCC  0xbfc2ffcc         0x00000004
config_BFC2FFD0  0xbfc2ffd0         0x00000004
config_BFC2FFD4  0xbfc2ffd4         0x00000004
config_BFC2FFD8  0xbfc2ffd8         0x00000004
config_BFC2FFDC  0xbfc2ffdc         0x00000004
config_BFC2FFE0  0xbfc2ffe0         0x00000004
config_BFC2FFE4  0xbfc2ffe4         0x00000004
config_BFC2FFE8  0xbfc2ffe8         0x00000004
config_BFC2FFEC  0xbfc2ffec         0x00000004
config_BFC2FFF0  0xbfc2fff0         0x00000004
config_BFC2FFF4  0xbfc2fff4         0x00000004
config_BFC2FFF8  0xbfc2fff8         0x00000004
config_BFC2FFFC  0xbfc2fffc         0x00000004
upperbootaliaslastpage 0xbfc30000         0x00004000
boot1            0xbfc40000         0x0000ff00
config_BFC4FF40  0xbfc4ff40         0x00000004
config_BFC4FF44  0xbfc4ff44         0x00000004
config_BFC4FF48  0xbfc4ff48         0x00000004
config_BFC4FF4C  0xbfc4ff4c         0x00000004
config_BFC4FF50  0xbfc4ff50         0x00000004
config_BFC4FF54  0xbfc4ff54         0x00000004
config_BFC4FF58  0xbfc4ff58         0x00000004
config_BFC4FF5C  0xbfc4ff5c         0x00000004
config_BFC4FF60  0xbfc4ff60         0x00000004
config_BFC4FF64  0xbfc4ff64         0x00000004
config_BFC4FF68  0xbfc4ff68         0x00000004
config_BFC4FF6C  0xbfc4ff6c         0x00000004
config_BFC4FF70  0xbfc4ff70         0x00000004
config_BFC4FF74  0xbfc4ff74         0x00000004
config_BFC4FF78  0xbfc4ff78         0x00000004
config_BFC4FF7C  0xbfc4ff7c         0x00000004
config_BFC4FFC0  0xbfc4ffc0         0x00000004
config_BFC4FFC4  0xbfc4ffc4         0x00000004
config_BFC4FFC8  0xbfc4ffc8         0x00000004
config_BFC4FFCC  0xbfc4ffcc         0x00000004
config_BFC4FFD0  0xbfc4ffd0         0x00000004
config_BFC4FFD4  0xbfc4ffd4         0x00000004
config_BFC4FFD8  0xbfc4ffd8         0x00000004
config_BFC4FFDC  0xbfc4ffdc         0x00000004
config_BFC4FFE0  0xbfc4ffe0         0x00000004
config_BFC4FFE4  0xbfc4ffe4         0x00000004
config_BFC4FFE8  0xbfc4ffe8         0x00000004
config_BFC4FFEC  0xbfc4ffec         0x00000004
config_BFC4FFF0  0xbfc4fff0         0x00000004
config_BFC4FFF4  0xbfc4fff4         0x00000004
config_BFC4FFF8  0xbfc4fff8         0x00000004
config_BFC4FFFC  0xbfc4fffc         0x00000004
boot1lastpage    0xbfc50000         0x00004000
config_BFC54000  0xbfc54000         0x00000004
config_BFC54004  0xbfc54004         0x00000004
config_BFC54008  0xbfc54008         0x00000004
config_BFC5400C  0xbfc5400c         0x00000004
config_BFC54010  0xbfc54010         0x00000004
config_BFC5401C  0xbfc5401c         0x00000004
config_BFC54020  0xbfc54020         0x00000004
config_BFC54024  0xbfc54024         0x00000004
boot2            0xbfc60000         0x0000ff00
config_BFC6FF40  0xbfc6ff40         0x00000004
config_BFC6FF44  0xbfc6ff44         0x00000004
config_BFC6FF48  0xbfc6ff48         0x00000004
config_BFC6FF4C  0xbfc6ff4c         0x00000004
config_BFC6FF50  0xbfc6ff50         0x00000004
config_BFC6FF54  0xbfc6ff54         0x00000004
config_BFC6FF58  0xbfc6ff58         0x00000004
config_BFC6FF5C  0xbfc6ff5c         0x00000004
config_BFC6FF60  0xbfc6ff60         0x00000004
config_BFC6FF64  0xbfc6ff64         0x00000004
config_BFC6FF68  0xbfc6ff68         0x00000004
config_BFC6FF6C  0xbfc6ff6c         0x00000004
config_BFC6FF70  0xbfc6ff70         0x00000004
config_BFC6FF74  0xbfc6ff74         0x00000004
config_BFC6FF78  0xbfc6ff78         0x00000004
config_BFC6FF7C  0xbfc6ff7c         0x00000004
config_BFC6FFC0  0xbfc6ffc0         0x00000004
config_BFC6FFC4  0xbfc6ffc4         0x00000004
config_BFC6FFC8  0xbfc6ffc8         0x00000004
config_BFC6FFCC  0xbfc6ffcc         0x00000004
config_BFC6FFD0  0xbfc6ffd0         0x00000004
config_BFC6FFD4  0xbfc6ffd4         0x00000004
config_BFC6FFD8  0xbfc6ffd8         0x00000004
config_BFC6FFDC  0xbfc6ffdc         0x00000004
config_BFC6FFE0  0xbfc6ffe0         0x00000004
config_BFC6FFE4  0xbfc6ffe4         0x00000004
config_BFC6FFE8  0xbfc6ffe8         0x00000004
config_BFC6FFEC  0xbfc6ffec         0x00000004
config_BFC6FFF0  0xbfc6fff0         0x00000004
config_BFC6FFF4  0xbfc6fff4         0x00000004
config_BFC6FFF8  0xbfc6fff8         0x00000004
config_BFC6FFFC  0xbfc6fffc         0x00000004
boot2lastpage    0xbfc70000         0x00004000
kseg0_data_mem   0x80000000         0x00080000         w !x
sfrs             0xbf800000         0x00100000
configsfrs_BFC0FF40 0xbfc0ff40         0x00000040
configsfrs_BFC0FFC0 0xbfc0ffc0         0x00000040
configsfrs_BFC2FF40 0xbfc2ff40         0x00000040
configsfrs_BFC2FFC0 0xbfc2ffc0         0x00000040
configsfrs_BFC4FF40 0xbfc4ff40         0x00000040
configsfrs_BFC4FFC0 0xbfc4ffc0         0x00000040
configsfrs_BFC54000 0xbfc54000         0x00000020
configsfrs_BFC6FF40 0xbfc6ff40         0x00000040
configsfrs_BFC6FFC0 0xbfc6ffc0         0x00000040
kseg2_ebi_data_mem 0xc0000000         0x04000000
kseg2_sqi_data_mem 0xd0000000         0x04000000
kseg3_ebi_data_mem 0xe0000000         0x04000000
kseg3_sqi_data_mem 0xf0000000         0x04000000
*default*        0x00000000         0xffffffff

Linker script and memory map

LOAD c:/program files (x86)/microchip/xc32/v1.42/bin/bin/../../lib/gcc/pic32mx/4.8.3/../../../../pic32mx/lib/./proc/32MZ2048EFH144/crt0_mips32r2.o
LOAD c:/program files (x86)/microchip/xc32/v1.42/bin/bin/../../lib/gcc/pic32mx/4.8.3/../../../../pic32mx/lib/fpu64\software-debug-break.o
                0x00000001                _DEBUGGER = 0x1
LOAD build/pic32mz_ef_sk__meb2/debug/_ext/1478038578/bsp.o
LOAD build/pic32mz_ef_sk__meb2/debug/_ext/1954767753/drv_spi_tasks.o
LOAD build/pic32mz_ef_sk__meb2/debug/_ext/1954767753/drv_spi_api.o
LOAD build/pic32mz_ef_sk__meb2/debug/_ext/1954767753/drv_spi_master_ebm_tasks.o
LOAD build/pic32mz_ef_sk__meb2/debug/_ext/1490669977/sys_clk_static.o
LOAD build/pic32mz_ef_sk__meb2/debug/_ext/817156105/sys_ports_static.o
LOAD build/pic32mz_ef_sk__meb2/debug/_ext/354995998/system_init.o
LOAD build/pic32mz_ef_sk__meb2/debug/_ext/354995998/system_interrupt.o
LOAD build/pic32mz_ef_sk__meb2/debug/_ext/354995998/system_exceptions.o
LOAD build/pic32mz_ef_sk__meb2/debug/_ext/354995998/system_tasks.o
LOAD build/pic32mz_ef_sk__meb2/debug/_ext/1360937237/app.o
LOAD build/pic32mz_ef_sk__meb2/debug/_ext/1360937237/app_commands.o
LOAD build/pic32mz_ef_sk__meb2/debug/_ext/1360937237/main.o
LOAD build/pic32mz_ef_sk__meb2/debug/_ext/1360937237/http_print.o
LOAD build/pic32mz_ef_sk__meb2/debug/_ext/1360937237/custom_http_app.o
LOAD build/pic32mz_ef_sk__meb2/debug/_ext/1360937237/mpfs_img2.o
LOAD build/pic32mz_ef_sk__meb2/debug/_ext/2046866571/adler32.o
LOAD build/pic32mz_ef_sk__meb2/debug/_ext/2046866571/compress.o
LOAD build/pic32mz_ef_sk__meb2/debug/_ext/2046866571/crc32.o
LOAD build/pic32mz_ef_sk__meb2/debug/_ext/2046866571/deflate.o
LOAD build/pic32mz_ef_sk__meb2/debug/_ext/2046866571/infback.o
LOAD build/pic32mz_ef_sk__meb2/debug/_ext/2046866571/inffast.o
LOAD build/pic32mz_ef_sk__meb2/debug/_ext/2046866571/inflate.o
LOAD build/pic32mz_ef_sk__meb2/debug/_ext/2046866571/inftrees.o
LOAD build/pic32mz_ef_sk__meb2/debug/_ext/2046866571/trees.o
LOAD build/pic32mz_ef_sk__meb2/debug/_ext/2046866571/uncompr.o
LOAD build/pic32mz_ef_sk__meb2/debug/_ext/2046866571/zutil.o
LOAD build/pic32mz_ef_sk__meb2/debug/_ext/29024758/ecc.o
LOAD build/pic32mz_ef_sk__meb2/debug/_ext/29024758/arc4.o
LOAD build/pic32mz_ef_sk__meb2/debug/_ext/29024758/pwdbased.o
LOAD build/pic32mz_ef_sk__meb2/debug/_ext/29024758/tfm.o
LOAD build/pic32mz_ef_sk__meb2/debug/_ext/29024758/asn.o
LOAD build/pic32mz_ef_sk__meb2/debug/_ext/29024758/des3.o
LOAD build/pic32mz_ef_sk__meb2/debug/_ext/29024758/rsa.o
LOAD build/pic32mz_ef_sk__meb2/debug/_ext/29024758/aes.o
LOAD build/pic32mz_ef_sk__meb2/debug/_ext/29024758/md5.o
LOAD build/pic32mz_ef_sk__meb2/debug/_ext/29024758/sha.o
LOAD build/pic32mz_ef_sk__meb2/debug/_ext/29024758/sha256.o
LOAD build/pic32mz_ef_sk__meb2/debug/_ext/29024758/sha512.o
LOAD build/pic32mz_ef_sk__meb2/debug/_ext/29024758/hmac.o
LOAD build/pic32mz_ef_sk__meb2/debug/_ext/29024758/hash.o
LOAD build/pic32mz_ef_sk__meb2/debug/_ext/29024758/compress.o
LOAD build/pic32mz_ef_sk__meb2/debug/_ext/29024758/random.o
LOAD build/pic32mz_ef_sk__meb2/debug/_ext/29024758/crypto.o
LOAD build/pic32mz_ef_sk__meb2/debug/_ext/29024758/asm.o
LOAD build/pic32mz_ef_sk__meb2/debug/_ext/29024758/coding.o
LOAD build/pic32mz_ef_sk__meb2/debug/_ext/29024758/error.o
LOAD build/pic32mz_ef_sk__meb2/debug/_ext/29024758/integer.o
LOAD build/pic32mz_ef_sk__meb2/debug/_ext/29024758/logging.o
LOAD build/pic32mz_ef_sk__meb2/debug/_ext/29024758/memory.o
LOAD build/pic32mz_ef_sk__meb2/debug/_ext/29024758/misc.o
LOAD build/pic32mz_ef_sk__meb2/debug/_ext/29024758/port.o
LOAD build/pic32mz_ef_sk__meb2/debug/_ext/184581597/drv_nvm.o
LOAD build/pic32mz_ef_sk__meb2/debug/_ext/184581597/drv_nvm_erasewrite.o
LOAD build/pic32mz_ef_sk__meb2/debug/_ext/1324760662/drv_spi.o
LOAD build/pic32mz_ef_sk__meb2/debug/_ext/1385053818/drv_spi_sys_queue_fifo.o
LOAD build/pic32mz_ef_sk__meb2/debug/_ext/941160041/drv_tmr.o
LOAD build/pic32mz_ef_sk__meb2/debug/_ext/179651966/drv_usbhs.o
LOAD build/pic32mz_ef_sk__meb2/debug/_ext/179651966/drv_usbhs_device.o
LOAD build/pic32mz_ef_sk__meb2/debug/_ext/1023149444/drv_wifi_com.o
LOAD build/pic32mz_ef_sk__meb2/debug/_ext/1023149444/drv_wifi_commands.o
LOAD build/pic32mz_ef_sk__meb2/debug/_ext/1023149444/drv_wifi_config_data.o
LOAD build/pic32mz_ef_sk__meb2/debug/_ext/1023149444/drv_wifi_connection_algorithm.o
LOAD build/pic32mz_ef_sk__meb2/debug/_ext/1023149444/drv_wifi_connection_manager.o
LOAD build/pic32mz_ef_sk__meb2/debug/_ext/1023149444/drv_wifi_connection_profile.o
LOAD build/pic32mz_ef_sk__meb2/debug/_ext/1023149444/drv_wifi_context_loader.o
LOAD build/pic32mz_ef_sk__meb2/debug/_ext/1023149444/drv_wifi_debug_output.o
LOAD build/pic32mz_ef_sk__meb2/debug/_ext/1023149444/drv_wifi_eint.o
LOAD build/pic32mz_ef_sk__meb2/debug/_ext/1023149444/drv_wifi_events.o
LOAD build/pic32mz_ef_sk__meb2/debug/_ext/1023149444/drv_wifi_event_handler.o
LOAD build/pic32mz_ef_sk__meb2/debug/_ext/1023149444/drv_wifi_init.o
LOAD build/pic32mz_ef_sk__meb2/debug/_ext/1023149444/drv_wifi_iwpriv.o
LOAD build/pic32mz_ef_sk__meb2/debug/_ext/1023149444/drv_wifi_mac.o
LOAD build/pic32mz_ef_sk__meb2/debug/_ext/1023149444/drv_wifi_main.o
LOAD build/pic32mz_ef_sk__meb2/debug/_ext/1023149444/drv_wifi_mgmt_msg.o
LOAD build/pic32mz_ef_sk__meb2/debug/_ext/1023149444/drv_wifi_param_msg.o
LOAD build/pic32mz_ef_sk__meb2/debug/_ext/1023149444/drv_wifi_pbkdf2.o
LOAD build/pic32mz_ef_sk__meb2/debug/_ext/1023149444/drv_wifi_power_save.o
LOAD build/pic32mz_ef_sk__meb2/debug/_ext/1023149444/drv_wifi_raw.o
LOAD build/pic32mz_ef_sk__meb2/debug/_ext/1023149444/drv_wifi_scan.o
LOAD build/pic32mz_ef_sk__meb2/debug/_ext/1023149444/drv_wifi_scan_helper.o
LOAD build/pic32mz_ef_sk__meb2/debug/_ext/1023149444/drv_wifi_softap_client_cache.o
LOAD build/pic32mz_ef_sk__meb2/debug/_ext/1023149444/drv_wifi_spi.o
LOAD build/pic32mz_ef_sk__meb2/debug/_ext/1023149444/drv_wifi_tx_power.o
LOAD build/pic32mz_ef_sk__meb2/debug/_ext/1891376032/sys_command.o
LOAD build/pic32mz_ef_sk__meb2/debug/_ext/598853952/sys_buffer.o
LOAD build/pic32mz_ef_sk__meb2/debug/_ext/598853952/sys_queue.o
LOAD build/pic32mz_ef_sk__meb2/debug/_ext/1434663852/sys_console.o
LOAD build/pic32mz_ef_sk__meb2/debug/_ext/1434663852/sys_console_usb_cdc.o
LOAD build/pic32mz_ef_sk__meb2/debug/_ext/2137108136/sys_debug.o
LOAD build/pic32mz_ef_sk__meb2/debug/_ext/482662494/sys_devcon.o
LOAD build/pic32mz_ef_sk__meb2/debug/_ext/482662494/sys_devcon_pic32mz.o
LOAD build/pic32mz_ef_sk__meb2/debug/_ext/482662494/sys_devcon_cache_pic32mz.o
LOAD build/pic32mz_ef_sk__meb2/debug/_ext/1750042194/sys_fs.o
LOAD build/pic32mz_ef_sk__meb2/debug/_ext/1750042194/sys_fs_media_manager.o
LOAD build/pic32mz_ef_sk__meb2/debug/_ext/614935175/mpfs.o
LOAD build/pic32mz_ef_sk__meb2/debug/_ext/1042686532/sys_int_pic32.o
LOAD build/pic32mz_ef_sk__meb2/debug/_ext/470001640/sys_random.o
LOAD build/pic32mz_ef_sk__meb2/debug/_ext/64182180/sys_reset.o
LOAD build/pic32mz_ef_sk__meb2/debug/_ext/2110151058/sys_tmr.o
LOAD build/pic32mz_ef_sk__meb2/debug/_ext/1886247299/sys_fs_wrapper.o
LOAD build/pic32mz_ef_sk__meb2/debug/_ext/1886247299/helpers.o
LOAD build/pic32mz_ef_sk__meb2/debug/_ext/1164207549/tcp.o
LOAD build/pic32mz_ef_sk__meb2/debug/_ext/1164207549/udp.o
LOAD build/pic32mz_ef_sk__meb2/debug/_ext/1164207549/tcpip_heap_alloc.o
LOAD build/pic32mz_ef_sk__meb2/debug/_ext/1164207549/tcpip_heap_internal.o
LOAD build/pic32mz_ef_sk__meb2/debug/_ext/1164207549/arp.o
LOAD build/pic32mz_ef_sk__meb2/debug/_ext/1164207549/dhcp.o
LOAD build/pic32mz_ef_sk__meb2/debug/_ext/1164207549/dhcps.o
LOAD build/pic32mz_ef_sk__meb2/debug/_ext/1164207549/dns.o
LOAD build/pic32mz_ef_sk__meb2/debug/_ext/1164207549/dnss.o
LOAD build/pic32mz_ef_sk__meb2/debug/_ext/1164207549/http.o
LOAD build/pic32mz_ef_sk__meb2/debug/_ext/1164207549/icmp.o
LOAD build/pic32mz_ef_sk__meb2/debug/_ext/1164207549/nbns.o
LOAD build/pic32mz_ef_sk__meb2/debug/_ext/1164207549/zero_conf_helper.o
LOAD build/pic32mz_ef_sk__meb2/debug/_ext/1164207549/zero_conf_link_local.o
LOAD build/pic32mz_ef_sk__meb2/debug/_ext/1164207549/zero_conf_multicast_dns.o
LOAD build/pic32mz_ef_sk__meb2/debug/_ext/1164207549/tcpip_announce.o
LOAD build/pic32mz_ef_sk__meb2/debug/_ext/1164207549/tcpip_commands.o
LOAD build/pic32mz_ef_sk__meb2/debug/_ext/1164207549/hash_fnv.o
LOAD build/pic32mz_ef_sk__meb2/debug/_ext/1164207549/oahash.o
LOAD build/pic32mz_ef_sk__meb2/debug/_ext/1164207549/tcpip_helpers.o
LOAD build/pic32mz_ef_sk__meb2/debug/_ext/1164207549/tcpip_helper_c32.o
LOAD build/pic32mz_ef_sk__meb2/debug/_ext/1164207549/tcpip_manager.o
LOAD build/pic32mz_ef_sk__meb2/debug/_ext/1164207549/tcpip_notify.o
LOAD build/pic32mz_ef_sk__meb2/debug/_ext/1164207549/tcpip_packet.o
LOAD build/pic32mz_ef_sk__meb2/debug/_ext/1164207549/ipv4.o
LOAD build/pic32mz_ef_sk__meb2/debug/_ext/2136608937/usb_device.o
LOAD build/pic32mz_ef_sk__meb2/debug/_ext/2136608937/usb_device_cdc.o
LOAD build/pic32mz_ef_sk__meb2/debug/_ext/2136608937/usb_device_cdc_acm.o
LOAD ..\..\..\..\..\bin\framework\peripheral\PIC32MZ2048EFM144_peripherals.a
                0x00000001                __MPLAB_BUILD = 0x1
                0x00000001                __MPLAB_DEBUG = 0x1
                0x00000001                __DEBUG = 0x1
                0x00000001                __MPLAB_DEBUGGER_ICD3 = 0x1
                0x00010000                _min_heap_size = 0x10000
                0x00000800                _min_stack_size = 0x800
                0x9d010000                _ebase_address = 0x9d010000
LOAD c:/program files (x86)/microchip/xc32/v1.42/bin/bin/../../lib/gcc/pic32mx/4.8.3/../../../../pic32mx/lib/./proc/32MZ2048EFH144\default_isr_vectors.o
LOAD c:/program files (x86)/microchip/xc32/v1.42/bin/bin/../../lib/gcc/pic32mx/4.8.3/../../../../pic32mx/lib/fpu64\pic32_software_reset.o
                0x00000400                PROVIDE (_min_stack_size, 0x400)
LOAD c:/program files (x86)/microchip/xc32/v1.42/bin/bin/../../lib/gcc/pic32mx/4.8.3/../../../../pic32mx/lib/./proc/32MZ2048EFH144\processor.o
START GROUP
LOAD c:/program files (x86)/microchip/xc32/v1.42/bin/bin/../../lib/gcc/pic32mx/4.8.3/../../../../pic32mx/lib/./proc/32MZ2048EFH144\vector_offset_init.o
END GROUP
                0x00000001                PROVIDE (_vector_spacing, 0x1)
                0x9d000000                PROVIDE (_ebase_address, 0x9d000000)
                0xbfc00000                _RESET_ADDR = 0xbfc00000
                0xbfc00380                _BEV_EXCPT_ADDR = 0xbfc00380
                0xbfc00480                _DBG_EXCPT_ADDR = 0xbfc00480
                0x9d010000                _SIMPLE_TLB_REFILL_EXCPT_ADDR = (_ebase_address + 0x0)
                0x9d010100                _CACHE_ERR_EXCPT_ADDR = (_ebase_address + 0x100)
                0x9d010180                _GEN_EXCPT_ADDR = (_ebase_address + 0x180)

.config_BFC0FF40
 *(.config_BFC0FF40)

.config_BFC0FF44
 *(.config_BFC0FF44)

.config_BFC0FF48
 *(.config_BFC0FF48)

.config_BFC0FF4C
 *(.config_BFC0FF4C)

.config_BFC0FF50
 *(.config_BFC0FF50)

.config_BFC0FF54
 *(.config_BFC0FF54)

.config_BFC0FF58
 *(.config_BFC0FF58)

.config_BFC0FF5C
 *(.config_BFC0FF5C)

.config_BFC0FF60
 *(.config_BFC0FF60)

.config_BFC0FF64
 *(.config_BFC0FF64)

.config_BFC0FF68
 *(.config_BFC0FF68)

.config_BFC0FF6C
 *(.config_BFC0FF6C)

.config_BFC0FF70
 *(.config_BFC0FF70)

.config_BFC0FF74
 *(.config_BFC0FF74)

.config_BFC0FF78
 *(.config_BFC0FF78)

.config_BFC0FF7C
 *(.config_BFC0FF7C)

.config_BFC0FFC0
                0xbfc0ffc0        0x4
 *(.config_BFC0FFC0)
 .config_BFC0FFC0
                0xbfc0ffc0        0x4 build/pic32mz_ef_sk__meb2/debug/_ext/354995998/system_init.o

.config_BFC0FFC4
                0xbfc0ffc4        0x4
 *(.config_BFC0FFC4)
 .config_BFC0FFC4
                0xbfc0ffc4        0x4 build/pic32mz_ef_sk__meb2/debug/_ext/354995998/system_init.o

.config_BFC0FFC8
                0xbfc0ffc8        0x4
 *(.config_BFC0FFC8)
 .config_BFC0FFC8
                0xbfc0ffc8        0x4 build/pic32mz_ef_sk__meb2/debug/_ext/354995998/system_init.o

.config_BFC0FFCC
                0xbfc0ffcc        0x4
 *(.config_BFC0FFCC)
 .config_BFC0FFCC
                0xbfc0ffcc        0x4 build/pic32mz_ef_sk__meb2/debug/_ext/354995998/system_init.o

.config_BFC0FFD0
 *(.config_BFC0FFD0)

.config_BFC0FFD4
 *(.config_BFC0FFD4)

.config_BFC0FFD8
 *(.config_BFC0FFD8)

.config_BFC0FFDC
                0xbfc0ffdc        0x4
 *(.config_BFC0FFDC)
 .config_BFC0FFDC
                0xbfc0ffdc        0x4 build/pic32mz_ef_sk__meb2/debug/_ext/354995998/system_init.o

.config_BFC0FFE0
 *(.config_BFC0FFE0)

.config_BFC0FFE4
 *(.config_BFC0FFE4)

.config_BFC0FFE8
 *(.config_BFC0FFE8)

.config_BFC0FFEC
 *(.config_BFC0FFEC)

.config_BFC0FFF0
                0xbfc0fff0        0x4
 *(.config_BFC0FFF0)
 .config_BFC0FFF0
                0xbfc0fff0        0x4 build/pic32mz_ef_sk__meb2/debug/_ext/354995998/system_init.o

.config_BFC0FFF4
 *(.config_BFC0FFF4)

.config_BFC0FFF8
 *(.config_BFC0FFF8)

.config_BFC0FFFC
 *(.config_BFC0FFFC)

.config_BFC2FF40
 *(.config_BFC2FF40)

.config_BFC2FF44
 *(.config_BFC2FF44)

.config_BFC2FF48
 *(.config_BFC2FF48)

.config_BFC2FF4C
 *(.config_BFC2FF4C)

.config_BFC2FF50
 *(.config_BFC2FF50)

.config_BFC2FF54
 *(.config_BFC2FF54)

.config_BFC2FF58
 *(.config_BFC2FF58)

.config_BFC2FF5C
 *(.config_BFC2FF5C)

.config_BFC2FF60
 *(.config_BFC2FF60)

.config_BFC2FF64
 *(.config_BFC2FF64)

.config_BFC2FF68
 *(.config_BFC2FF68)

.config_BFC2FF6C
 *(.config_BFC2FF6C)

.config_BFC2FF70
 *(.config_BFC2FF70)

.config_BFC2FF74
 *(.config_BFC2FF74)

.config_BFC2FF78
 *(.config_BFC2FF78)

.config_BFC2FF7C
 *(.config_BFC2FF7C)

.config_BFC2FFC0
 *(.config_BFC2FFC0)

.config_BFC2FFC4
 *(.config_BFC2FFC4)

.config_BFC2FFC8
 *(.config_BFC2FFC8)

.config_BFC2FFCC
 *(.config_BFC2FFCC)

.config_BFC2FFD0
 *(.config_BFC2FFD0)

.config_BFC2FFD4
 *(.config_BFC2FFD4)

.config_BFC2FFD8
 *(.config_BFC2FFD8)

.config_BFC2FFDC
 *(.config_BFC2FFDC)

.config_BFC2FFE0
 *(.config_BFC2FFE0)

.config_BFC2FFE4
 *(.config_BFC2FFE4)

.config_BFC2FFE8
 *(.config_BFC2FFE8)

.config_BFC2FFEC
 *(.config_BFC2FFEC)

.config_BFC2FFF0
 *(.config_BFC2FFF0)

.config_BFC2FFF4
 *(.config_BFC2FFF4)

.config_BFC2FFF8
 *(.config_BFC2FFF8)

.config_BFC2FFFC
 *(.config_BFC2FFFC)

.config_BFC4FF40
 *(.config_BFC4FF40)

.config_BFC4FF44
 *(.config_BFC4FF44)

.config_BFC4FF48
 *(.config_BFC4FF48)

.config_BFC4FF4C
 *(.config_BFC4FF4C)

.config_BFC4FF50
 *(.config_BFC4FF50)

.config_BFC4FF54
 *(.config_BFC4FF54)

.config_BFC4FF58
 *(.config_BFC4FF58)

.config_BFC4FF5C
 *(.config_BFC4FF5C)

.config_BFC4FF60
 *(.config_BFC4FF60)

.config_BFC4FF64
 *(.config_BFC4FF64)

.config_BFC4FF68
 *(.config_BFC4FF68)

.config_BFC4FF6C
 *(.config_BFC4FF6C)

.config_BFC4FF70
 *(.config_BFC4FF70)

.config_BFC4FF74
 *(.config_BFC4FF74)

.config_BFC4FF78
 *(.config_BFC4FF78)

.config_BFC4FF7C
 *(.config_BFC4FF7C)

.config_BFC4FFC0
 *(.config_BFC4FFC0)

.config_BFC4FFC4
 *(.config_BFC4FFC4)

.config_BFC4FFC8
 *(.config_BFC4FFC8)

.config_BFC4FFCC
 *(.config_BFC4FFCC)

.config_BFC4FFD0
 *(.config_BFC4FFD0)

.config_BFC4FFD4
 *(.config_BFC4FFD4)

.config_BFC4FFD8
 *(.config_BFC4FFD8)

.config_BFC4FFDC
 *(.config_BFC4FFDC)

.config_BFC4FFE0
 *(.config_BFC4FFE0)

.config_BFC4FFE4
 *(.config_BFC4FFE4)

.config_BFC4FFE8
 *(.config_BFC4FFE8)

.config_BFC4FFEC
 *(.config_BFC4FFEC)

.config_BFC4FFF0
 *(.config_BFC4FFF0)

.config_BFC4FFF4
 *(.config_BFC4FFF4)

.config_BFC4FFF8
 *(.config_BFC4FFF8)

.config_BFC4FFFC
 *(.config_BFC4FFFC)

.config_BFC54000
 *(.config_BFC54000)

.config_BFC54004
 *(.config_BFC54004)

.config_BFC54008
 *(.config_BFC54008)

.config_BFC5400C
 *(.config_BFC5400C)

.config_BFC54010
 *(.config_BFC54010)

.config_BFC5401C
 *(.config_BFC5401C)

.config_BFC54020
 *(.config_BFC54020)

.config_BFC54024
 *(.config_BFC54024)

.config_BFC6FF40
 *(.config_BFC6FF40)

.config_BFC6FF44
 *(.config_BFC6FF44)

.config_BFC6FF48
 *(.config_BFC6FF48)

.config_BFC6FF4C
 *(.config_BFC6FF4C)

.config_BFC6FF50
 *(.config_BFC6FF50)

.config_BFC6FF54
 *(.config_BFC6FF54)

.config_BFC6FF58
 *(.config_BFC6FF58)

.config_BFC6FF5C
 *(.config_BFC6FF5C)

.config_BFC6FF60
 *(.config_BFC6FF60)

.config_BFC6FF64
 *(.config_BFC6FF64)

.config_BFC6FF68
 *(.config_BFC6FF68)

.config_BFC6FF6C
 *(.config_BFC6FF6C)

.config_BFC6FF70
 *(.config_BFC6FF70)

.config_BFC6FF74
 *(.config_BFC6FF74)

.config_BFC6FF78
 *(.config_BFC6FF78)

.config_BFC6FF7C
 *(.config_BFC6FF7C)

.config_BFC6FFC0
 *(.config_BFC6FFC0)

.config_BFC6FFC4
 *(.config_BFC6FFC4)

.config_BFC6FFC8
 *(.config_BFC6FFC8)

.config_BFC6FFCC
 *(.config_BFC6FFCC)

.config_BFC6FFD0
 *(.config_BFC6FFD0)

.config_BFC6FFD4
 *(.config_BFC6FFD4)

.config_BFC6FFD8
 *(.config_BFC6FFD8)

.config_BFC6FFDC
 *(.config_BFC6FFDC)

.config_BFC6FFE0
 *(.config_BFC6FFE0)

.config_BFC6FFE4
 *(.config_BFC6FFE4)

.config_BFC6FFE8
 *(.config_BFC6FFE8)

.config_BFC6FFEC
 *(.config_BFC6FFEC)

.config_BFC6FFF0
 *(.config_BFC6FFF0)

.config_BFC6FFF4
 *(.config_BFC6FFF4)

.config_BFC6FFF8
 *(.config_BFC6FFF8)

.config_BFC6FFFC
 *(.config_BFC6FFFC)

.reset          0xbfc00000      0x220
 *(.reset)
 .reset         0xbfc00000       0x18 c:/program files (x86)/microchip/xc32/v1.42/bin/bin/../../lib/gcc/pic32mx/4.8.3/../../../../pic32mx/lib/./proc/32MZ2048EFH144/crt0_mips32r2.o
                0xbfc00000                _reset
 *(.reset.startup)
 .reset.startup
                0xbfc00018      0x208 c:/program files (x86)/microchip/xc32/v1.42/bin/bin/../../lib/gcc/pic32mx/4.8.3/../../../../pic32mx/lib/./proc/32MZ2048EFH144/crt0_mips32r2.o

.bev_excpt      0xbfc00380       0x10
 *(.bev_handler)
 .bev_handler   0xbfc00380       0x10 c:/program files (x86)/microchip/xc32/v1.42/bin/bin/../../lib/gcc/pic32mx/4.8.3/../../../../pic32mx/lib/./proc/32MZ2048EFH144/crt0_mips32r2.o

.cache_init     0xbfc004b0      0x19c
 *(.cache_init)
 *(.cache_init.*)
 .cache_init.cache
                0xbfc004b0       0xc0 c:/program files (x86)/microchip/xc32/v1.42/bin/bin/../../lib/gcc/pic32mx/4.8.3/../../../../pic32mx/lib/fpu64\libpic32.a(pic32_init_cache.o)
 .cache_init.pic32_init_cache
                0xbfc00570       0xdc c:/program files (x86)/microchip/xc32/v1.42/bin/bin/../../lib/gcc/pic32mx/4.8.3/../../../../pic32mx/lib/fpu64\libpic32.a(pic32_init_cache.o)
                0xbfc00570                __pic32_init_cache

.simple_tlb_refill_excpt
                0x9d010000       0x10
 *(.simple_tlb_refill_vector)
 .simple_tlb_refill_vector
                0x9d010000       0x10 c:/program files (x86)/microchip/xc32/v1.42/bin/bin/../../lib/gcc/pic32mx/4.8.3/../../../../pic32mx/lib/./proc/32MZ2048EFH144/crt0_mips32r2.o

.cache_err_excpt
                0x9d010100       0x10
 *(.cache_err_vector)
 .cache_err_vector
                0x9d010100       0x10 c:/program files (x86)/microchip/xc32/v1.42/bin/bin/../../lib/gcc/pic32mx/4.8.3/../../../../pic32mx/lib/./proc/32MZ2048EFH144/crt0_mips32r2.o

.app_excpt      0x9d010180       0x10
 *(.gen_handler)
 .gen_handler   0x9d010180       0x10 c:/program files (x86)/microchip/xc32/v1.42/bin/bin/../../lib/gcc/pic32mx/4.8.3/../../../../pic32mx/lib/./proc/32MZ2048EFH144/crt0_mips32r2.o

.vectors        0x9d010200       0x70
                0x00000228                __vector_offset_0 = DEFINED (__vector_dispatch_0)?(. - _ebase_address):__vector_offset_default
 *(.vector_0)
                0x00000228                __vector_offset_1 = DEFINED (__vector_dispatch_1)?(. - _ebase_address):__vector_offset_default
 *(.vector_1)
                0x00000228                __vector_offset_2 = DEFINED (__vector_dispatch_2)?(. - _ebase_address):__vector_offset_default
 *(.vector_2)
                0x00000200                __vector_offset_3 = DEFINED (__vector_dispatch_3)?(. - _ebase_address):__vector_offset_default
 *(.vector_3)
 .vector_3      0x9d010200        0x8 build/pic32mz_ef_sk__meb2/debug/_ext/354995998/system_interrupt.o
                0x9d010200                __vector_dispatch_3
                0x00000228                __vector_offset_4 = DEFINED (__vector_dispatch_4)?(. - _ebase_address):__vector_offset_default
 *(.vector_4)
                0x00000228                __vector_offset_5 = DEFINED (__vector_dispatch_5)?(. - _ebase_address):__vector_offset_default
 *(.vector_5)
                0x00000228                __vector_offset_6 = DEFINED (__vector_dispatch_6)?(. - _ebase_address):__vector_offset_default
 *(.vector_6)
                0x00000228                __vector_offset_7 = DEFINED (__vector_dispatch_7)?(. - _ebase_address):__vector_offset_default
 *(.vector_7)
                0x00000228                __vector_offset_8 = DEFINED (__vector_dispatch_8)?(. - _ebase_address):__vector_offset_default
 *(.vector_8)
                0x00000208                __vector_offset_9 = DEFINED (__vector_dispatch_9)?(. - _ebase_address):__vector_offset_default
 *(.vector_9)
 .vector_9      0x9d010208        0x8 build/pic32mz_ef_sk__meb2/debug/_ext/354995998/system_interrupt.o
                0x9d010208                __vector_dispatch_9
                0x00000228                __vector_offset_10 = DEFINED (__vector_dispatch_10)?(. - _ebase_address):__vector_offset_default
 *(.vector_10)
                0x00000228                __vector_offset_11 = DEFINED (__vector_dispatch_11)?(. - _ebase_address):__vector_offset_default
 *(.vector_11)
                0x00000228                __vector_offset_12 = DEFINED (__vector_dispatch_12)?(. - _ebase_address):__vector_offset_default
 *(.vector_12)
                0x00000228                __vector_offset_13 = DEFINED (__vector_dispatch_13)?(. - _ebase_address):__vector_offset_default
 *(.vector_13)
                0x00000228                __vector_offset_14 = DEFINED (__vector_dispatch_14)?(. - _ebase_address):__vector_offset_default
 *(.vector_14)
                0x00000228                __vector_offset_15 = DEFINED (__vector_dispatch_15)?(. - _ebase_address):__vector_offset_default
 *(.vector_15)
                0x00000228                __vector_offset_16 = DEFINED (__vector_dispatch_16)?(. - _ebase_address):__vector_offset_default
 *(.vector_16)
                0x00000228                __vector_offset_17 = DEFINED (__vector_dispatch_17)?(. - _ebase_address):__vector_offset_default
 *(.vector_17)
                0x00000228                __vector_offset_18 = DEFINED (__vector_dispatch_18)?(. - _ebase_address):__vector_offset_default
 *(.vector_18)
                0x00000228                __vector_offset_19 = DEFINED (__vector_dispatch_19)?(. - _ebase_address):__vector_offset_default
 *(.vector_19)
                0x00000228                __vector_offset_20 = DEFINED (__vector_dispatch_20)?(. - _ebase_address):__vector_offset_default
 *(.vector_20)
                0x00000228                __vector_offset_21 = DEFINED (__vector_dispatch_21)?(. - _ebase_address):__vector_offset_default
 *(.vector_21)
                0x00000228                __vector_offset_22 = DEFINED (__vector_dispatch_22)?(. - _ebase_address):__vector_offset_default
 *(.vector_22)
                0x00000228                __vector_offset_23 = DEFINED (__vector_dispatch_23)?(. - _ebase_address):__vector_offset_default
 *(.vector_23)
                0x00000228                __vector_offset_24 = DEFINED (__vector_dispatch_24)?(. - _ebase_address):__vector_offset_default
 *(.vector_24)
                0x00000228                __vector_offset_25 = DEFINED (__vector_dispatch_25)?(. - _ebase_address):__vector_offset_default
 *(.vector_25)
                0x00000228                __vector_offset_26 = DEFINED (__vector_dispatch_26)?(. - _ebase_address):__vector_offset_default
 *(.vector_26)
                0x00000228                __vector_offset_27 = DEFINED (__vector_dispatch_27)?(. - _ebase_address):__vector_offset_default
 *(.vector_27)
                0x00000228                __vector_offset_28 = DEFINED (__vector_dispatch_28)?(. - _ebase_address):__vector_offset_default
 *(.vector_28)
                0x00000228                __vector_offset_29 = DEFINED (__vector_dispatch_29)?(. - _ebase_address):__vector_offset_default
 *(.vector_29)
                0x00000228                __vector_offset_30 = DEFINED (__vector_dispatch_30)?(. - _ebase_address):__vector_offset_default
 *(.vector_30)
                0x00000228                __vector_offset_31 = DEFINED (__vector_dispatch_31)?(. - _ebase_address):__vector_offset_default
 *(.vector_31)
                0x00000228                __vector_offset_32 = DEFINED (__vector_dispatch_32)?(. - _ebase_address):__vector_offset_default
 *(.vector_32)
                0x00000228                __vector_offset_33 = DEFINED (__vector_dispatch_33)?(. - _ebase_address):__vector_offset_default
 *(.vector_33)
                0x00000228                __vector_offset_34 = DEFINED (__vector_dispatch_34)?(. - _ebase_address):__vector_offset_default
 *(.vector_34)
                0x00000228                __vector_offset_35 = DEFINED (__vector_dispatch_35)?(. - _ebase_address):__vector_offset_default
 *(.vector_35)
                0x00000228                __vector_offset_36 = DEFINED (__vector_dispatch_36)?(. - _ebase_address):__vector_offset_default
 *(.vector_36)
                0x00000228                __vector_offset_37 = DEFINED (__vector_dispatch_37)?(. - _ebase_address):__vector_offset_default
 *(.vector_37)
                0x00000228                __vector_offset_38 = DEFINED (__vector_dispatch_38)?(. - _ebase_address):__vector_offset_default
 *(.vector_38)
                0x00000228                __vector_offset_39 = DEFINED (__vector_dispatch_39)?(. - _ebase_address):__vector_offset_default
 *(.vector_39)
                0x00000228                __vector_offset_40 = DEFINED (__vector_dispatch_40)?(. - _ebase_address):__vector_offset_default
 *(.vector_40)
                0x00000228                __vector_offset_41 = DEFINED (__vector_dispatch_41)?(. - _ebase_address):__vector_offset_default
 *(.vector_41)
                0x00000228                __vector_offset_42 = DEFINED (__vector_dispatch_42)?(. - _ebase_address):__vector_offset_default
 *(.vector_42)
                0x00000228                __vector_offset_43 = DEFINED (__vector_dispatch_43)?(. - _ebase_address):__vector_offset_default
 *(.vector_43)
                0x00000228                __vector_offset_44 = DEFINED (__vector_dispatch_44)?(. - _ebase_address):__vector_offset_default
 *(.vector_44)
                0x00000228                __vector_offset_45 = DEFINED (__vector_dispatch_45)?(. - _ebase_address):__vector_offset_default
 *(.vector_45)
                0x00000228                __vector_offset_46 = DEFINED (__vector_dispatch_46)?(. - _ebase_address):__vector_offset_default
 *(.vector_46)
                0x00000228                __vector_offset_47 = DEFINED (__vector_dispatch_47)?(. - _ebase_address):__vector_offset_default
 *(.vector_47)
                0x00000228                __vector_offset_48 = DEFINED (__vector_dispatch_48)?(. - _ebase_address):__vector_offset_default
 *(.vector_48)
                0x00000228                __vector_offset_49 = DEFINED (__vector_dispatch_49)?(. - _ebase_address):__vector_offset_default
 *(.vector_49)
                0x00000228                __vector_offset_50 = DEFINED (__vector_dispatch_50)?(. - _ebase_address):__vector_offset_default
 *(.vector_50)
                0x00000228                __vector_offset_51 = DEFINED (__vector_dispatch_51)?(. - _ebase_address):__vector_offset_default
 *(.vector_51)
                0x00000228                __vector_offset_52 = DEFINED (__vector_dispatch_52)?(. - _ebase_address):__vector_offset_default
 *(.vector_52)
                0x00000228                __vector_offset_53 = DEFINED (__vector_dispatch_53)?(. - _ebase_address):__vector_offset_default
 *(.vector_53)
                0x00000228                __vector_offset_54 = DEFINED (__vector_dispatch_54)?(. - _ebase_address):__vector_offset_default
 *(.vector_54)
                0x00000228                __vector_offset_55 = DEFINED (__vector_dispatch_55)?(. - _ebase_address):__vector_offset_default
 *(.vector_55)
                0x00000228                __vector_offset_56 = DEFINED (__vector_dispatch_56)?(. - _ebase_address):__vector_offset_default
 *(.vector_56)
                0x00000228                __vector_offset_57 = DEFINED (__vector_dispatch_57)?(. - _ebase_address):__vector_offset_default
 *(.vector_57)
                0x00000228                __vector_offset_58 = DEFINED (__vector_dispatch_58)?(. - _ebase_address):__vector_offset_default
 *(.vector_58)
                0x00000228                __vector_offset_59 = DEFINED (__vector_dispatch_59)?(. - _ebase_address):__vector_offset_default
 *(.vector_59)
                0x00000228                __vector_offset_60 = DEFINED (__vector_dispatch_60)?(. - _ebase_address):__vector_offset_default
 *(.vector_60)
                0x00000228                __vector_offset_61 = DEFINED (__vector_dispatch_61)?(. - _ebase_address):__vector_offset_default
 *(.vector_61)
                0x00000228                __vector_offset_62 = DEFINED (__vector_dispatch_62)?(. - _ebase_address):__vector_offset_default
 *(.vector_62)
                0x00000228                __vector_offset_63 = DEFINED (__vector_dispatch_63)?(. - _ebase_address):__vector_offset_default
 *(.vector_63)
                0x00000228                __vector_offset_64 = DEFINED (__vector_dispatch_64)?(. - _ebase_address):__vector_offset_default
 *(.vector_64)
                0x00000228                __vector_offset_65 = DEFINED (__vector_dispatch_65)?(. - _ebase_address):__vector_offset_default
 *(.vector_65)
                0x00000228                __vector_offset_66 = DEFINED (__vector_dispatch_66)?(. - _ebase_address):__vector_offset_default
 *(.vector_66)
                0x00000228                __vector_offset_67 = DEFINED (__vector_dispatch_67)?(. - _ebase_address):__vector_offset_default
 *(.vector_67)
                0x00000228                __vector_offset_68 = DEFINED (__vector_dispatch_68)?(. - _ebase_address):__vector_offset_default
 *(.vector_68)
                0x00000228                __vector_offset_69 = DEFINED (__vector_dispatch_69)?(. - _ebase_address):__vector_offset_default
 *(.vector_69)
                0x00000228                __vector_offset_70 = DEFINED (__vector_dispatch_70)?(. - _ebase_address):__vector_offset_default
 *(.vector_70)
                0x00000228                __vector_offset_71 = DEFINED (__vector_dispatch_71)?(. - _ebase_address):__vector_offset_default
 *(.vector_71)
                0x00000228                __vector_offset_72 = DEFINED (__vector_dispatch_72)?(. - _ebase_address):__vector_offset_default
 *(.vector_72)
                0x00000228                __vector_offset_73 = DEFINED (__vector_dispatch_73)?(. - _ebase_address):__vector_offset_default
 *(.vector_73)
                0x00000228                __vector_offset_74 = DEFINED (__vector_dispatch_74)?(. - _ebase_address):__vector_offset_default
 *(.vector_74)
                0x00000228                __vector_offset_75 = DEFINED (__vector_dispatch_75)?(. - _ebase_address):__vector_offset_default
 *(.vector_75)
                0x00000228                __vector_offset_76 = DEFINED (__vector_dispatch_76)?(. - _ebase_address):__vector_offset_default
 *(.vector_76)
                0x00000228                __vector_offset_77 = DEFINED (__vector_dispatch_77)?(. - _ebase_address):__vector_offset_default
 *(.vector_77)
                0x00000228                __vector_offset_78 = DEFINED (__vector_dispatch_78)?(. - _ebase_address):__vector_offset_default
 *(.vector_78)
                0x00000228                __vector_offset_79 = DEFINED (__vector_dispatch_79)?(. - _ebase_address):__vector_offset_default
 *(.vector_79)
                0x00000228                __vector_offset_80 = DEFINED (__vector_dispatch_80)?(. - _ebase_address):__vector_offset_default
 *(.vector_80)
                0x00000228                __vector_offset_81 = DEFINED (__vector_dispatch_81)?(. - _ebase_address):__vector_offset_default
 *(.vector_81)
                0x00000228                __vector_offset_82 = DEFINED (__vector_dispatch_82)?(. - _ebase_address):__vector_offset_default
 *(.vector_82)
                0x00000228                __vector_offset_83 = DEFINED (__vector_dispatch_83)?(. - _ebase_address):__vector_offset_default
 *(.vector_83)
                0x00000228                __vector_offset_84 = DEFINED (__vector_dispatch_84)?(. - _ebase_address):__vector_offset_default
 *(.vector_84)
                0x00000228                __vector_offset_85 = DEFINED (__vector_dispatch_85)?(. - _ebase_address):__vector_offset_default
 *(.vector_85)
                0x00000228                __vector_offset_86 = DEFINED (__vector_dispatch_86)?(. - _ebase_address):__vector_offset_default
 *(.vector_86)
                0x00000228                __vector_offset_87 = DEFINED (__vector_dispatch_87)?(. - _ebase_address):__vector_offset_default
 *(.vector_87)
                0x00000228                __vector_offset_88 = DEFINED (__vector_dispatch_88)?(. - _ebase_address):__vector_offset_default
 *(.vector_88)
                0x00000228                __vector_offset_89 = DEFINED (__vector_dispatch_89)?(. - _ebase_address):__vector_offset_default
 *(.vector_89)
                0x00000228                __vector_offset_90 = DEFINED (__vector_dispatch_90)?(. - _ebase_address):__vector_offset_default
 *(.vector_90)
                0x00000228                __vector_offset_91 = DEFINED (__vector_dispatch_91)?(. - _ebase_address):__vector_offset_default
 *(.vector_91)
                0x00000228                __vector_offset_92 = DEFINED (__vector_dispatch_92)?(. - _ebase_address):__vector_offset_default
 *(.vector_92)
                0x00000228                __vector_offset_93 = DEFINED (__vector_dispatch_93)?(. - _ebase_address):__vector_offset_default
 *(.vector_93)
                0x00000228                __vector_offset_94 = DEFINED (__vector_dispatch_94)?(. - _ebase_address):__vector_offset_default
 *(.vector_94)
                0x00000228                __vector_offset_95 = DEFINED (__vector_dispatch_95)?(. - _ebase_address):__vector_offset_default
 *(.vector_95)
                0x00000228                __vector_offset_96 = DEFINED (__vector_dispatch_96)?(. - _ebase_address):__vector_offset_default
 *(.vector_96)
                0x00000228                __vector_offset_97 = DEFINED (__vector_dispatch_97)?(. - _ebase_address):__vector_offset_default
 *(.vector_97)
                0x00000228                __vector_offset_98 = DEFINED (__vector_dispatch_98)?(. - _ebase_address):__vector_offset_default
 *(.vector_98)
                0x00000228                __vector_offset_99 = DEFINED (__vector_dispatch_99)?(. - _ebase_address):__vector_offset_default
 *(.vector_99)
                0x00000228                __vector_offset_100 = DEFINED (__vector_dispatch_100)?(. - _ebase_address):__vector_offset_default
 *(.vector_100)
                0x00000228                __vector_offset_101 = DEFINED (__vector_dispatch_101)?(. - _ebase_address):__vector_offset_default
 *(.vector_101)
                0x00000228                __vector_offset_102 = DEFINED (__vector_dispatch_102)?(. - _ebase_address):__vector_offset_default
 *(.vector_102)
                0x00000228                __vector_offset_103 = DEFINED (__vector_dispatch_103)?(. - _ebase_address):__vector_offset_default
 *(.vector_103)
                0x00000228                __vector_offset_104 = DEFINED (__vector_dispatch_104)?(. - _ebase_address):__vector_offset_default
 *(.vector_104)
                0x00000228                __vector_offset_105 = DEFINED (__vector_dispatch_105)?(. - _ebase_address):__vector_offset_default
 *(.vector_105)
                0x00000228                __vector_offset_106 = DEFINED (__vector_dispatch_106)?(. - _ebase_address):__vector_offset_default
 *(.vector_106)
                0x00000228                __vector_offset_107 = DEFINED (__vector_dispatch_107)?(. - _ebase_address):__vector_offset_default
 *(.vector_107)
                0x00000228                __vector_offset_108 = DEFINED (__vector_dispatch_108)?(. - _ebase_address):__vector_offset_default
 *(.vector_108)
                0x00000228                __vector_offset_109 = DEFINED (__vector_dispatch_109)?(. - _ebase_address):__vector_offset_default
 *(.vector_109)
                0x00000228                __vector_offset_110 = DEFINED (__vector_dispatch_110)?(. - _ebase_address):__vector_offset_default
 *(.vector_110)
                0x00000228                __vector_offset_111 = DEFINED (__vector_dispatch_111)?(. - _ebase_address):__vector_offset_default
 *(.vector_111)
                0x00000228                __vector_offset_112 = DEFINED (__vector_dispatch_112)?(. - _ebase_address):__vector_offset_default
 *(.vector_112)
                0x00000228                __vector_offset_113 = DEFINED (__vector_dispatch_113)?(. - _ebase_address):__vector_offset_default
 *(.vector_113)
                0x00000228                __vector_offset_114 = DEFINED (__vector_dispatch_114)?(. - _ebase_address):__vector_offset_default
 *(.vector_114)
                0x00000228                __vector_offset_115 = DEFINED (__vector_dispatch_115)?(. - _ebase_address):__vector_offset_default
 *(.vector_115)
                0x00000228                __vector_offset_116 = DEFINED (__vector_dispatch_116)?(. - _ebase_address):__vector_offset_default
 *(.vector_116)
                0x00000228                __vector_offset_117 = DEFINED (__vector_dispatch_117)?(. - _ebase_address):__vector_offset_default
 *(.vector_117)
                0x00000228                __vector_offset_118 = DEFINED (__vector_dispatch_118)?(. - _ebase_address):__vector_offset_default
 *(.vector_118)
                0x00000228                __vector_offset_119 = DEFINED (__vector_dispatch_119)?(. - _ebase_address):__vector_offset_default
 *(.vector_119)
                0x00000228                __vector_offset_120 = DEFINED (__vector_dispatch_120)?(. - _ebase_address):__vector_offset_default
 *(.vector_120)
                0x00000228                __vector_offset_121 = DEFINED (__vector_dispatch_121)?(. - _ebase_address):__vector_offset_default
 *(.vector_121)
                0x00000228                __vector_offset_122 = DEFINED (__vector_dispatch_122)?(. - _ebase_address):__vector_offset_default
 *(.vector_122)
                0x00000228                __vector_offset_123 = DEFINED (__vector_dispatch_123)?(. - _ebase_address):__vector_offset_default
 *(.vector_123)
                0x00000228                __vector_offset_124 = DEFINED (__vector_dispatch_124)?(. - _ebase_address):__vector_offset_default
 *(.vector_124)
                0x00000228                __vector_offset_125 = DEFINED (__vector_dispatch_125)?(. - _ebase_address):__vector_offset_default
 *(.vector_125)
                0x00000228                __vector_offset_126 = DEFINED (__vector_dispatch_126)?(. - _ebase_address):__vector_offset_default
 *(.vector_126)
                0x00000228                __vector_offset_127 = DEFINED (__vector_dispatch_127)?(. - _ebase_address):__vector_offset_default
 *(.vector_127)
                0x00000228                __vector_offset_128 = DEFINED (__vector_dispatch_128)?(. - _ebase_address):__vector_offset_default
 *(.vector_128)
                0x00000228                __vector_offset_129 = DEFINED (__vector_dispatch_129)?(. - _ebase_address):__vector_offset_default
 *(.vector_129)
                0x00000228                __vector_offset_130 = DEFINED (__vector_dispatch_130)?(. - _ebase_address):__vector_offset_default
 *(.vector_130)
                0x00000228                __vector_offset_131 = DEFINED (__vector_dispatch_131)?(. - _ebase_address):__vector_offset_default
 *(.vector_131)
                0x00000210                __vector_offset_132 = DEFINED (__vector_dispatch_132)?(. - _ebase_address):__vector_offset_default
 *(.vector_132)
 .vector_132    0x9d010210        0x8 build/pic32mz_ef_sk__meb2/debug/_ext/354995998/system_interrupt.o
                0x9d010210                __vector_dispatch_132
                0x00000218                __vector_offset_133 = DEFINED (__vector_dispatch_133)?(. - _ebase_address):__vector_offset_default
 *(.vector_133)
 .vector_133    0x9d010218        0x8 build/pic32mz_ef_sk__meb2/debug/_ext/354995998/system_interrupt.o
                0x9d010218                __vector_dispatch_133
                0x00000228                __vector_offset_134 = DEFINED (__vector_dispatch_134)?(. - _ebase_address):__vector_offset_default
 *(.vector_134)
                0x00000228                __vector_offset_135 = DEFINED (__vector_dispatch_135)?(. - _ebase_address):__vector_offset_default
 *(.vector_135)
                0x00000228                __vector_offset_136 = DEFINED (__vector_dispatch_136)?(. - _ebase_address):__vector_offset_default
 *(.vector_136)
                0x00000228                __vector_offset_137 = DEFINED (__vector_dispatch_137)?(. - _ebase_address):__vector_offset_default
 *(.vector_137)
                0x00000228                __vector_offset_138 = DEFINED (__vector_dispatch_138)?(. - _ebase_address):__vector_offset_default
 *(.vector_138)
                0x00000228                __vector_offset_139 = DEFINED (__vector_dispatch_139)?(. - _ebase_address):__vector_offset_default
 *(.vector_139)
                0x00000228                __vector_offset_140 = DEFINED (__vector_dispatch_140)?(. - _ebase_address):__vector_offset_default
 *(.vector_140)
                0x00000228                __vector_offset_141 = DEFINED (__vector_dispatch_141)?(. - _ebase_address):__vector_offset_default
 *(.vector_141)
                0x00000228                __vector_offset_142 = DEFINED (__vector_dispatch_142)?(. - _ebase_address):__vector_offset_default
 *(.vector_142)
                0x00000228                __vector_offset_143 = DEFINED (__vector_dispatch_143)?(. - _ebase_address):__vector_offset_default
 *(.vector_143)
                0x00000228                __vector_offset_144 = DEFINED (__vector_dispatch_144)?(. - _ebase_address):__vector_offset_default
 *(.vector_144)
                0x00000228                __vector_offset_145 = DEFINED (__vector_dispatch_145)?(. - _ebase_address):__vector_offset_default
 *(.vector_145)
                0x00000228                __vector_offset_146 = DEFINED (__vector_dispatch_146)?(. - _ebase_address):__vector_offset_default
 *(.vector_146)
                0x00000228                __vector_offset_147 = DEFINED (__vector_dispatch_147)?(. - _ebase_address):__vector_offset_default
 *(.vector_147)
                0x00000228                __vector_offset_148 = DEFINED (__vector_dispatch_148)?(. - _ebase_address):__vector_offset_default
 *(.vector_148)
                0x00000228                __vector_offset_149 = DEFINED (__vector_dispatch_149)?(. - _ebase_address):__vector_offset_default
 *(.vector_149)
                0x00000228                __vector_offset_150 = DEFINED (__vector_dispatch_150)?(. - _ebase_address):__vector_offset_default
 *(.vector_150)
                0x00000228                __vector_offset_151 = DEFINED (__vector_dispatch_151)?(. - _ebase_address):__vector_offset_default
 *(.vector_151)
                0x00000228                __vector_offset_152 = DEFINED (__vector_dispatch_152)?(. - _ebase_address):__vector_offset_default
 *(.vector_152)
                0x00000228                __vector_offset_153 = DEFINED (__vector_dispatch_153)?(. - _ebase_address):__vector_offset_default
 *(.vector_153)
                0x00000228                __vector_offset_154 = DEFINED (__vector_dispatch_154)?(. - _ebase_address):__vector_offset_default
 *(.vector_154)
                0x00000228                __vector_offset_155 = DEFINED (__vector_dispatch_155)?(. - _ebase_address):__vector_offset_default
 *(.vector_155)
                0x00000228                __vector_offset_156 = DEFINED (__vector_dispatch_156)?(. - _ebase_address):__vector_offset_default
 *(.vector_156)
                0x00000228                __vector_offset_157 = DEFINED (__vector_dispatch_157)?(. - _ebase_address):__vector_offset_default
 *(.vector_157)
                0x00000228                __vector_offset_158 = DEFINED (__vector_dispatch_158)?(. - _ebase_address):__vector_offset_default
 *(.vector_158)
                0x00000228                __vector_offset_159 = DEFINED (__vector_dispatch_159)?(. - _ebase_address):__vector_offset_default
 *(.vector_159)
                0x00000228                __vector_offset_160 = DEFINED (__vector_dispatch_160)?(. - _ebase_address):__vector_offset_default
 *(.vector_160)
                0x00000228                __vector_offset_161 = DEFINED (__vector_dispatch_161)?(. - _ebase_address):__vector_offset_default
 *(.vector_161)
                0x00000228                __vector_offset_162 = DEFINED (__vector_dispatch_162)?(. - _ebase_address):__vector_offset_default
 *(.vector_162)
                0x00000228                __vector_offset_163 = DEFINED (__vector_dispatch_163)?(. - _ebase_address):__vector_offset_default
 *(.vector_163)
                0x00000228                __vector_offset_164 = DEFINED (__vector_dispatch_164)?(. - _ebase_address):__vector_offset_default
 *(.vector_164)
                0x00000228                __vector_offset_165 = DEFINED (__vector_dispatch_165)?(. - _ebase_address):__vector_offset_default
 *(.vector_165)
                0x00000228                __vector_offset_166 = DEFINED (__vector_dispatch_166)?(. - _ebase_address):__vector_offset_default
 *(.vector_166)
                0x00000220                __vector_offset_167 = DEFINED (__vector_dispatch_167)?(. - _ebase_address):__vector_offset_default
 *(.vector_167)
 .vector_167    0x9d010220        0x8 build/pic32mz_ef_sk__meb2/debug/_ext/354995998/system_interrupt.o
                0x9d010220                __vector_dispatch_167
                0x00000228                __vector_offset_168 = DEFINED (__vector_dispatch_168)?(. - _ebase_address):__vector_offset_default
 *(.vector_168)
                0x00000228                __vector_offset_169 = DEFINED (__vector_dispatch_169)?(. - _ebase_address):__vector_offset_default
 *(.vector_169)
                0x00000228                __vector_offset_170 = DEFINED (__vector_dispatch_170)?(. - _ebase_address):__vector_offset_default
 *(.vector_170)
                0x00000228                __vector_offset_171 = DEFINED (__vector_dispatch_171)?(. - _ebase_address):__vector_offset_default
 *(.vector_171)
                0x00000228                __vector_offset_172 = DEFINED (__vector_dispatch_172)?(. - _ebase_address):__vector_offset_default
 *(.vector_172)
                0x00000228                __vector_offset_173 = DEFINED (__vector_dispatch_173)?(. - _ebase_address):__vector_offset_default
 *(.vector_173)
                0x00000228                __vector_offset_174 = DEFINED (__vector_dispatch_174)?(. - _ebase_address):__vector_offset_default
 *(.vector_174)
                0x00000228                __vector_offset_175 = DEFINED (__vector_dispatch_175)?(. - _ebase_address):__vector_offset_default
 *(.vector_175)
                0x00000228                __vector_offset_176 = DEFINED (__vector_dispatch_176)?(. - _ebase_address):__vector_offset_default
 *(.vector_176)
                0x00000228                __vector_offset_177 = DEFINED (__vector_dispatch_177)?(. - _ebase_address):__vector_offset_default
 *(.vector_177)
                0x00000228                __vector_offset_178 = DEFINED (__vector_dispatch_178)?(. - _ebase_address):__vector_offset_default
 *(.vector_178)
                0x00000228                __vector_offset_179 = DEFINED (__vector_dispatch_179)?(. - _ebase_address):__vector_offset_default
 *(.vector_179)
                0x00000228                __vector_offset_180 = DEFINED (__vector_dispatch_180)?(. - _ebase_address):__vector_offset_default
 *(.vector_180)
                0x00000228                __vector_offset_181 = DEFINED (__vector_dispatch_181)?(. - _ebase_address):__vector_offset_default
 *(.vector_181)
                0x00000228                __vector_offset_182 = DEFINED (__vector_dispatch_182)?(. - _ebase_address):__vector_offset_default
 *(.vector_182)
                0x00000228                __vector_offset_183 = DEFINED (__vector_dispatch_183)?(. - _ebase_address):__vector_offset_default
 *(.vector_183)
                0x00000228                __vector_offset_184 = DEFINED (__vector_dispatch_184)?(. - _ebase_address):__vector_offset_default
 *(.vector_184)
                0x00000228                __vector_offset_185 = DEFINED (__vector_dispatch_185)?(. - _ebase_address):__vector_offset_default
 *(.vector_185)
                0x00000228                __vector_offset_186 = DEFINED (__vector_dispatch_186)?(. - _ebase_address):__vector_offset_default
 *(.vector_186)
                0x00000228                __vector_offset_187 = DEFINED (__vector_dispatch_187)?(. - _ebase_address):__vector_offset_default
 *(.vector_187)
                0x00000228                __vector_offset_188 = DEFINED (__vector_dispatch_188)?(. - _ebase_address):__vector_offset_default
 *(.vector_188)
                0x00000228                __vector_offset_189 = DEFINED (__vector_dispatch_189)?(. - _ebase_address):__vector_offset_default
 *(.vector_189)
                0x00000228                __vector_offset_190 = DEFINED (__vector_dispatch_190)?(. - _ebase_address):__vector_offset_default
 *(.vector_190)
                0x00000228                __vector_offset_191 = DEFINED (__vector_dispatch_191)?(. - _ebase_address):__vector_offset_default
 *(.vector_191)
                0x00000228                __vector_offset_192 = DEFINED (__vector_dispatch_192)?(. - _ebase_address):__vector_offset_default
 *(.vector_192)
                0x00000228                __vector_offset_193 = DEFINED (__vector_dispatch_193)?(. - _ebase_address):__vector_offset_default
 *(.vector_193)
                0x00000228                __vector_offset_194 = DEFINED (__vector_dispatch_194)?(. - _ebase_address):__vector_offset_default
 *(.vector_194)
                0x00000228                __vector_offset_195 = DEFINED (__vector_dispatch_195)?(. - _ebase_address):__vector_offset_default
 *(.vector_195)
                0x00000228                __vector_offset_196 = DEFINED (__vector_dispatch_196)?(. - _ebase_address):__vector_offset_default
 *(.vector_196)
                0x00000228                __vector_offset_197 = DEFINED (__vector_dispatch_197)?(. - _ebase_address):__vector_offset_default
 *(.vector_197)
                0x00000228                __vector_offset_198 = DEFINED (__vector_dispatch_198)?(. - _ebase_address):__vector_offset_default
 *(.vector_198)
                0x00000228                __vector_offset_199 = DEFINED (__vector_dispatch_199)?(. - _ebase_address):__vector_offset_default
 *(.vector_199)
                0x00000228                __vector_offset_200 = DEFINED (__vector_dispatch_200)?(. - _ebase_address):__vector_offset_default
 *(.vector_200)
                0x00000228                __vector_offset_201 = DEFINED (__vector_dispatch_201)?(. - _ebase_address):__vector_offset_default
 *(.vector_201)
                0x00000228                __vector_offset_202 = DEFINED (__vector_dispatch_202)?(. - _ebase_address):__vector_offset_default
 *(.vector_202)
                0x00000228                __vector_offset_203 = DEFINED (__vector_dispatch_203)?(. - _ebase_address):__vector_offset_default
 *(.vector_203)
                0x00000228                __vector_offset_204 = DEFINED (__vector_dispatch_204)?(. - _ebase_address):__vector_offset_default
 *(.vector_204)
                0x00000228                __vector_offset_205 = DEFINED (__vector_dispatch_205)?(. - _ebase_address):__vector_offset_default
 *(.vector_205)
                0x00000228                __vector_offset_206 = DEFINED (__vector_dispatch_206)?(. - _ebase_address):__vector_offset_default
 *(.vector_206)
                0x00000228                __vector_offset_207 = DEFINED (__vector_dispatch_207)?(. - _ebase_address):__vector_offset_default
 *(.vector_207)
                0x00000228                __vector_offset_208 = DEFINED (__vector_dispatch_208)?(. - _ebase_address):__vector_offset_default
 *(.vector_208)
                0x00000228                __vector_offset_209 = DEFINED (__vector_dispatch_209)?(. - _ebase_address):__vector_offset_default
 *(.vector_209)
                0x00000228                __vector_offset_210 = DEFINED (__vector_dispatch_210)?(. - _ebase_address):__vector_offset_default
 *(.vector_210)
                0x00000228                __vector_offset_211 = DEFINED (__vector_dispatch_211)?(. - _ebase_address):__vector_offset_default
 *(.vector_211)
                0x00000228                __vector_offset_212 = DEFINED (__vector_dispatch_212)?(. - _ebase_address):__vector_offset_default
 *(.vector_212)
                0x00000228                __vector_offset_213 = DEFINED (__vector_dispatch_213)?(. - _ebase_address):__vector_offset_default
 *(.vector_213)
                0x00000228                __vector_offset_214 = DEFINED (__vector_dispatch_214)?(. - _ebase_address):__vector_offset_default
 *(.vector_214)
                0x00000228                __vector_offset_215 = DEFINED (__vector_dispatch_215)?(. - _ebase_address):__vector_offset_default
 *(.vector_215)
                0x00000228                __vector_offset_216 = DEFINED (__vector_dispatch_216)?(. - _ebase_address):__vector_offset_default
 *(.vector_216)
                0x00000228                __vector_offset_217 = DEFINED (__vector_dispatch_217)?(. - _ebase_address):__vector_offset_default
 *(.vector_217)
                0x00000228                __vector_offset_218 = DEFINED (__vector_dispatch_218)?(. - _ebase_address):__vector_offset_default
 *(.vector_218)
                0x00000228                __vector_offset_219 = DEFINED (__vector_dispatch_219)?(. - _ebase_address):__vector_offset_default
 *(.vector_219)
                0x00000228                __vector_offset_220 = DEFINED (__vector_dispatch_220)?(. - _ebase_address):__vector_offset_default
 *(.vector_220)
                0x00000228                __vector_offset_221 = DEFINED (__vector_dispatch_221)?(. - _ebase_address):__vector_offset_default
 *(.vector_221)
                0x00000228                __vector_offset_222 = DEFINED (__vector_dispatch_222)?(. - _ebase_address):__vector_offset_default
 *(.vector_222)
                0x00000228                __vector_offset_223 = DEFINED (__vector_dispatch_223)?(. - _ebase_address):__vector_offset_default
 *(.vector_223)
                0x00000228                __vector_offset_224 = DEFINED (__vector_dispatch_224)?(. - _ebase_address):__vector_offset_default
 *(.vector_224)
                0x00000228                __vector_offset_225 = DEFINED (__vector_dispatch_225)?(. - _ebase_address):__vector_offset_default
 *(.vector_225)
                0x00000228                __vector_offset_226 = DEFINED (__vector_dispatch_226)?(. - _ebase_address):__vector_offset_default
 *(.vector_226)
                0x00000228                __vector_offset_227 = DEFINED (__vector_dispatch_227)?(. - _ebase_address):__vector_offset_default
 *(.vector_227)
                0x00000228                __vector_offset_228 = DEFINED (__vector_dispatch_228)?(. - _ebase_address):__vector_offset_default
 *(.vector_228)
                0x00000228                __vector_offset_229 = DEFINED (__vector_dispatch_229)?(. - _ebase_address):__vector_offset_default
 *(.vector_229)
                0x00000228                __vector_offset_230 = DEFINED (__vector_dispatch_230)?(. - _ebase_address):__vector_offset_default
 *(.vector_230)
                0x00000228                __vector_offset_231 = DEFINED (__vector_dispatch_231)?(. - _ebase_address):__vector_offset_default
 *(.vector_231)
                0x00000228                __vector_offset_232 = DEFINED (__vector_dispatch_232)?(. - _ebase_address):__vector_offset_default
 *(.vector_232)
                0x00000228                __vector_offset_233 = DEFINED (__vector_dispatch_233)?(. - _ebase_address):__vector_offset_default
 *(.vector_233)
                0x00000228                __vector_offset_234 = DEFINED (__vector_dispatch_234)?(. - _ebase_address):__vector_offset_default
 *(.vector_234)
                0x00000228                __vector_offset_235 = DEFINED (__vector_dispatch_235)?(. - _ebase_address):__vector_offset_default
 *(.vector_235)
                0x00000228                __vector_offset_236 = DEFINED (__vector_dispatch_236)?(. - _ebase_address):__vector_offset_default
 *(.vector_236)
                0x00000228                __vector_offset_237 = DEFINED (__vector_dispatch_237)?(. - _ebase_address):__vector_offset_default
 *(.vector_237)
                0x00000228                __vector_offset_238 = DEFINED (__vector_dispatch_238)?(. - _ebase_address):__vector_offset_default
 *(.vector_238)
                0x00000228                __vector_offset_239 = DEFINED (__vector_dispatch_239)?(. - _ebase_address):__vector_offset_default
 *(.vector_239)
                0x00000228                __vector_offset_240 = DEFINED (__vector_dispatch_240)?(. - _ebase_address):__vector_offset_default
 *(.vector_240)
                0x00000228                __vector_offset_241 = DEFINED (__vector_dispatch_241)?(. - _ebase_address):__vector_offset_default
 *(.vector_241)
                0x00000228                __vector_offset_242 = DEFINED (__vector_dispatch_242)?(. - _ebase_address):__vector_offset_default
 *(.vector_242)
                0x00000228                __vector_offset_243 = DEFINED (__vector_dispatch_243)?(. - _ebase_address):__vector_offset_default
 *(.vector_243)
                0x00000228                __vector_offset_244 = DEFINED (__vector_dispatch_244)?(. - _ebase_address):__vector_offset_default
 *(.vector_244)
                0x00000228                __vector_offset_245 = DEFINED (__vector_dispatch_245)?(. - _ebase_address):__vector_offset_default
 *(.vector_245)
                0x00000228                __vector_offset_246 = DEFINED (__vector_dispatch_246)?(. - _ebase_address):__vector_offset_default
 *(.vector_246)
                0x00000228                __vector_offset_247 = DEFINED (__vector_dispatch_247)?(. - _ebase_address):__vector_offset_default
 *(.vector_247)
                0x00000228                __vector_offset_248 = DEFINED (__vector_dispatch_248)?(. - _ebase_address):__vector_offset_default
 *(.vector_248)
                0x00000228                __vector_offset_249 = DEFINED (__vector_dispatch_249)?(. - _ebase_address):__vector_offset_default
 *(.vector_249)
                0x00000228                __vector_offset_250 = DEFINED (__vector_dispatch_250)?(. - _ebase_address):__vector_offset_default
 *(.vector_250)
                0x00000228                __vector_offset_251 = DEFINED (__vector_dispatch_251)?(. - _ebase_address):__vector_offset_default
 *(.vector_251)
                0x00000228                __vector_offset_252 = DEFINED (__vector_dispatch_252)?(. - _ebase_address):__vector_offset_default
 *(.vector_252)
                0x00000228                __vector_offset_253 = DEFINED (__vector_dispatch_253)?(. - _ebase_address):__vector_offset_default
 *(.vector_253)
                0x00000228                __vector_offset_254 = DEFINED (__vector_dispatch_254)?(. - _ebase_address):__vector_offset_default
 *(.vector_254)
                0x00000228                __vector_offset_255 = DEFINED (__vector_dispatch_255)?(. - _ebase_address):__vector_offset_default
 *(.vector_255)
                0x00000228                __vector_offset_default = (. - _ebase_address)
 *(.vector_default)
 .vector_default
                0x9d010228       0x48 c:/program files (x86)/microchip/xc32/v1.42/bin/bin/../../lib/gcc/pic32mx/4.8.3/../../../../pic32mx/lib/fpu64\libpic32.a(defaultinterrupt.o)
                0x9d010228                _DefaultInterrupt

.startup
 *(.startup)

.text           0x9d010270        0x0
 *(.stub .gnu.linkonce.t.*)
 *(.text.*personality*)
 *(.mips16.fn.*)
 *(.mips16.call.*)
 *(.gnu.warning)
                0x9d010270                . = ALIGN (0x4)

.init           0x9d010270        0x0
 *crti.o(.init)
 *crtbegin.o(.init)
 *(EXCLUDE_FILE(*crtn.o *crtend?.o *crtend.o) .init)
 *crtend.o(.init)
 *crtn.o(.init)
                0x9d010270                . = ALIGN (0x4)

.fini           0x9d010270        0x0
 *(.fini)
                0x9d010270                . = ALIGN (0x4)

.preinit_array  0x9d010270        0x0
                0x9d010270                PROVIDE (__preinit_array_start, .)
 *(.preinit_array)
                0x9d010270                PROVIDE (__preinit_array_end, .)
                0x9d010270                . = ALIGN (0x4)

.init_array     0x9d010270        0x0
                0x9d010270                PROVIDE (__init_array_start, .)
 *(SORT(.init_array.*))
 *(.init_array)
                0x9d010270                PROVIDE (__init_array_end, .)
                0x9d010270                . = ALIGN (0x4)

.fini_array     0x9d010270        0x0
                0x9d010270                PROVIDE (__fini_array_start, .)
 *(SORT(.fini_array.*))
 *(.fini_array)
                0x9d010270                PROVIDE (__fini_array_end, .)
                0x9d010270                . = ALIGN (0x4)

.ctors          0x9d010270        0x0
 *crtbegin.o(.ctors)
 *crtbegin?.o(.ctors)
 *(EXCLUDE_FILE(*crtend?.o *crtend.o) .ctors)
 *(SORT(.ctors.*))
 *(.ctors)
                0x9d010270                . = ALIGN (0x4)

.dtors          0x9d010270        0x0
 *crtbegin.o(.dtors)
 *crtbegin?.o(.dtors)
 *(EXCLUDE_FILE(*crtend?.o *crtend.o) .dtors)
 *(SORT(.dtors.*))
 *(.dtors)
                0x9d010270                . = ALIGN (0x4)

.rodata         0x9d010270        0x0
 *(.gnu.linkonce.r.*)
 *(.rodata1)
                0x9d010270                . = ALIGN (0x4)

.sdata2         0x9fc004b0        0x0
 *(.sdata2 .sdata2.* .gnu.linkonce.s2.*)
                0x9fc004b0                . = ALIGN (0x4)

.sbss2          0x9fc004b0        0x0
 *(.sbss2 .sbss2.* .gnu.linkonce.sb2.*)
                0x9fc004b0                . = ALIGN (0x4)

.eh_frame_hdr
 *(.eh_frame_hdr)
                0x9fc004b0                . = ALIGN (0x4)

.eh_frame
 *(.eh_frame)
                0x9fc004b0                . = ALIGN (0x4)

.gcc_except_table
 *(.gcc_except_table .gcc_except_table.*)
                0x9fc004b0                . = ALIGN (0x4)

.dbg_data       0x80000000      0x380
                0x80000000                . = (. + DEFINED (_DEBUGGER)?0x200:0x0)
 *fill*         0x80000000      0x200 
                0x80000200                . = (. + DEFINED (_DEBUGGER)?0x80:0x0)
 *fill*         0x80000200       0x80 
                0x80000280                . = (. + DEFINED (_DEBUGGER)?0x100:0x0)
 *fill*         0x80000280      0x100 

.jcr            0x80000380        0x0
 *(.jcr)
                0x80000380                . = ALIGN (0x4)

.eh_frame
 *(.eh_frame)
                0x80000380                . = ALIGN (0x4)

.gcc_except_table
 *(.gcc_except_table .gcc_except_table.*)
                0x80000380                . = ALIGN (0x4)

.persist        0x80000380        0x0
                0x80000380                _persist_begin = .
 *(.persist .persist.*)
 *(.pbss .pbss.*)
                0x80000380                . = ALIGN (0x4)
                0x80000380                _persist_end = .

.data           0x80000380        0x0
 *(.gnu.linkonce.d.*)
 *(.data1)
                0x80000380                . = ALIGN (0x4)
                0x80000380                . = .
                0x80008370                _gp = (ALIGN (0x10) + 0x7ff0)

.got            0x80000380        0x0
 *(.got.plt)
 *(.got)
                0x80000380                . = ALIGN (0x4)

.sdata          0x80000380       0x70
                0x80000380                _sdata_begin = .
 *(.sdata .sdata.* .gnu.linkonce.s.*)
 .sdata         0x80000380        0xc build/pic32mz_ef_sk__meb2/debug/_ext/354995998/system_init.o
                0x80000380                consUsbInit0
                0x80000388                sysConsoleObjects
 .sdata         0x8000038c       0x10 build/pic32mz_ef_sk__meb2/debug/_ext/1360937237/app.o
 .sdata         0x8000039c        0x1 build/pic32mz_ef_sk__meb2/debug/_ext/1360937237/app_commands.o
 .sdata         0x8000039d        0x1 build/pic32mz_ef_sk__meb2/debug/_ext/1360937237/custom_http_app.o
 .sdata         0x8000039e        0x1 build/pic32mz_ef_sk__meb2/debug/_ext/1023149444/drv_wifi_commands.o
 *fill*         0x8000039f        0x1 
 .sdata         0x800003a0        0x4 build/pic32mz_ef_sk__meb2/debug/_ext/1023149444/drv_wifi_config_data.o
                0x800003a0                p_wifi_configData
 .sdata         0x800003a4        0x1 build/pic32mz_ef_sk__meb2/debug/_ext/1023149444/drv_wifi_mac.o
                0x800003a4                g_RxDataLock
 .sdata         0x800003a5        0x1 build/pic32mz_ef_sk__meb2/debug/_ext/1023149444/drv_wifi_main.o
 .sdata         0x800003a6        0x1 build/pic32mz_ef_sk__meb2/debug/_ext/1023149444/drv_wifi_power_save.o
 .sdata         0x800003a7        0x1 build/pic32mz_ef_sk__meb2/debug/_ext/1023149444/drv_wifi_scan_helper.o
 .sdata         0x800003a8        0x8 build/pic32mz_ef_sk__meb2/debug/_ext/1164207549/arp.o
 .sdata         0x800003b0        0x1 build/pic32mz_ef_sk__meb2/debug/_ext/1164207549/zero_conf_helper.o
                0x800003b0                zeroconf_dbg_level
 *fill*         0x800003b1        0x3 
 .sdata         0x800003b4        0x8 build/pic32mz_ef_sk__meb2/debug/_ext/1164207549/zero_conf_link_local.o
 .sdata         0x800003bc        0x8 build/pic32mz_ef_sk__meb2/debug/_ext/1164207549/tcpip_commands.o
                0x800003bc                icmpPingSize
 .sdata         0x800003c4        0x4 build/pic32mz_ef_sk__meb2/debug/_ext/1164207549/tcpip_manager.o
 .sdata         0x800003c8       0x24 c:/program files (x86)/microchip/xc32/v1.42/bin/bin/../../lib/gcc/pic32mx/4.8.3/../../../../pic32mx/lib/fpu64\libpic32.a(pic32_init_cache.o)
                0x800003c8                __pic32_icache_size
                0x800003cc                __pic32_icache_linesize
                0x800003d0                __pic32_icache_ways
                0x800003d4                __pic32_dcache_size
                0x800003d8                __pic32_dcache_linesize
                0x800003dc                __pic32_dcache_ways
                0x800003e0                __pic32_scache_size
                0x800003e4                __pic32_scache_linesize
                0x800003e8                __pic32_scache_ways
 .sdata         0x800003ec        0x4 c:/program files (x86)/microchip/xc32/v1.42/bin/bin/../../lib/gcc/pic32mx/4.8.3/../../../../pic32mx/lib/fpu64\libpic32.a(xc32_uart.o)
                0x800003ec                __XC_UART
                0x800003f0                . = ALIGN (0x4)
                0x800003f0                _sdata_end = .

.lit8
 *(.lit8)

.lit4
 *(.lit4)
                0x800003f0                . = ALIGN (0x4)
                0x800003f0                _data_end = .
                0x800003f0                _bss_begin = .

.sbss           0x800003f0      0x344
                0x800003f0                _sbss_begin = .
 *(.dynsbss)
 *(.sbss .sbss.* .gnu.linkonce.sb.*)
 .sbss          0x800003f0        0x8 build/pic32mz_ef_sk__meb2/debug/_ext/354995998/system_init.o
                0x800003f0                sysCmdInit
 .sbss          0x800003f8        0xc build/pic32mz_ef_sk__meb2/debug/_ext/354995998/system_exceptions.o
 .sbss          0x80000404       0x14 build/pic32mz_ef_sk__meb2/debug/_ext/1360937237/app.o
                0x80000410                g_redirect_signal
 .sbss          0x80000418        0x4 build/pic32mz_ef_sk__meb2/debug/_ext/1360937237/app_commands.o
 .sbss          0x8000041c       0x14 build/pic32mz_ef_sk__meb2/debug/_ext/1360937237/custom_http_app.o
 .sbss          0x80000430        0xc build/pic32mz_ef_sk__meb2/debug/_ext/29024758/memory.o
 .sbss          0x8000043c        0x2 build/pic32mz_ef_sk__meb2/debug/_ext/184581597/drv_nvm.o
                0x8000043c                gDrvNVMBufferToken
 .sbss          0x8000043e        0x1 build/pic32mz_ef_sk__meb2/debug/_ext/1324760662/drv_spi.o
 *fill*         0x8000043f        0x1 
 .sbss          0x80000440        0x4 build/pic32mz_ef_sk__meb2/debug/_ext/941160041/drv_tmr.o
 .sbss          0x80000444        0x8 build/pic32mz_ef_sk__meb2/debug/_ext/1023149444/drv_wifi_com.o
 .sbss          0x8000044c        0x8 build/pic32mz_ef_sk__meb2/debug/_ext/1023149444/drv_wifi_commands.o
 .sbss          0x80000454        0x4 build/pic32mz_ef_sk__meb2/debug/_ext/1023149444/drv_wifi_config_data.o
 .sbss          0x80000458        0x1 build/pic32mz_ef_sk__meb2/debug/_ext/1023149444/drv_wifi_connection_manager.o
 *fill*         0x80000459        0x3 
 .sbss          0x8000045c        0x8 build/pic32mz_ef_sk__meb2/debug/_ext/1023149444/drv_wifi_context_loader.o
 .sbss          0x80000464        0x8 build/pic32mz_ef_sk__meb2/debug/_ext/1023149444/drv_wifi_events.o
 .sbss          0x8000046c        0x1 build/pic32mz_ef_sk__meb2/debug/_ext/1023149444/drv_wifi_event_handler.o
 *fill*         0x8000046d        0x3 
 .sbss          0x80000470        0x8 build/pic32mz_ef_sk__meb2/debug/_ext/1023149444/drv_wifi_init.o
 .sbss          0x80000478        0x3 build/pic32mz_ef_sk__meb2/debug/_ext/1023149444/drv_wifi_iwpriv.o
 *fill*         0x8000047b        0x1 
 .sbss          0x8000047c       0x40 build/pic32mz_ef_sk__meb2/debug/_ext/1023149444/drv_wifi_mac.o
 .sbss          0x800004bc        0x4 build/pic32mz_ef_sk__meb2/debug/_ext/1023149444/drv_wifi_main.o
 .sbss          0x800004c0        0x1 build/pic32mz_ef_sk__meb2/debug/_ext/1023149444/drv_wifi_mgmt_msg.o
 *fill*         0x800004c1        0x3 
 .sbss          0x800004c4       0x34 build/pic32mz_ef_sk__meb2/debug/_ext/1023149444/drv_wifi_pbkdf2.o
 .sbss          0x800004f8        0x4 build/pic32mz_ef_sk__meb2/debug/_ext/1023149444/drv_wifi_power_save.o
 .sbss          0x800004fc        0x1 build/pic32mz_ef_sk__meb2/debug/_ext/1023149444/drv_wifi_raw.o
                0x800004fc                g_RawIndexPastEnd
 *fill*         0x800004fd        0x3 
 .sbss          0x80000500       0x18 build/pic32mz_ef_sk__meb2/debug/_ext/1023149444/drv_wifi_spi.o
 .sbss          0x80000518       0x10 build/pic32mz_ef_sk__meb2/debug/_ext/1891376032/sys_command.o
 .sbss          0x80000528       0x10 build/pic32mz_ef_sk__meb2/debug/_ext/1434663852/sys_console_usb_cdc.o
                0x80000528                pReadBuf
 .sbss          0x80000538        0x4 build/pic32mz_ef_sk__meb2/debug/_ext/1750042194/sys_fs.o
                0x80000538                gSYSFSEventHandler
 .sbss          0x8000053c       0x24 build/pic32mz_ef_sk__meb2/debug/_ext/1164207549/tcp.o
 .sbss          0x80000560       0x1c build/pic32mz_ef_sk__meb2/debug/_ext/1164207549/udp.o
 .sbss          0x8000057c       0x20 build/pic32mz_ef_sk__meb2/debug/_ext/1164207549/dhcp.o
 .sbss          0x8000059c       0x14 build/pic32mz_ef_sk__meb2/debug/_ext/1164207549/dhcps.o
 .sbss          0x800005b0       0x10 build/pic32mz_ef_sk__meb2/debug/_ext/1164207549/dns.o
                0x800005b0                _DNSStayCondLoop
                0x800005b4                _DNSStayAssertLoop
 .sbss          0x800005c0        0xc build/pic32mz_ef_sk__meb2/debug/_ext/1164207549/dnss.o
 .sbss          0x800005cc       0x20 build/pic32mz_ef_sk__meb2/debug/_ext/1164207549/http.o
 .sbss          0x800005ec       0x18 build/pic32mz_ef_sk__meb2/debug/_ext/1164207549/icmp.o
 .sbss          0x80000604        0xc build/pic32mz_ef_sk__meb2/debug/_ext/1164207549/nbns.o
 .sbss          0x80000610        0xc build/pic32mz_ef_sk__meb2/debug/_ext/1164207549/zero_conf_link_local.o
 .sbss          0x8000061c        0xc build/pic32mz_ef_sk__meb2/debug/_ext/1164207549/zero_conf_multicast_dns.o
 .sbss          0x80000628       0x1c build/pic32mz_ef_sk__meb2/debug/_ext/1164207549/tcpip_announce.o
 .sbss          0x80000644       0x4c build/pic32mz_ef_sk__meb2/debug/_ext/1164207549/tcpip_commands.o
 .sbss          0x80000690       0x24 build/pic32mz_ef_sk__meb2/debug/_ext/1164207549/tcpip_manager.o
 .sbss          0x800006b4        0x8 build/pic32mz_ef_sk__meb2/debug/_ext/1164207549/tcpip_packet.o
 .sbss          0x800006bc       0x1c build/pic32mz_ef_sk__meb2/debug/_ext/1164207549/ipv4.o
                0x800006bc                _IPv4StayAssertLoop
 *(.scommon)
 .scommon       0x800006d8        0x3 build/pic32mz_ef_sk__meb2/debug/_ext/1360937237/app.o
                0x800006d8                g_wifi_deviceInfo
 *fill*         0x800006db        0x1 
 .scommon       0x800006dc        0xd build/pic32mz_ef_sk__meb2/debug/_ext/184581597/drv_nvm.o
                0x800006dc                nvmBufObjMutex
                0x800006e0                gDrvNVMMediaGeometry
                0x800006e4                gNVMGeometryTable
                0x800006e8                nvmClientObjMutex
 *fill*         0x800006e9        0x3 
 .scommon       0x800006ec        0x8 build/pic32mz_ef_sk__meb2/debug/_ext/1023149444/drv_wifi_event_handler.o
                0x800006ec                g_softAPEvent
 .scommon       0x800006f4        0x2 build/pic32mz_ef_sk__meb2/debug/_ext/1023149444/drv_wifi_init.o
                0x800006f4                g_mgmt_base
 *fill*         0x800006f6        0x2 
 .scommon       0x800006f8        0x6 build/pic32mz_ef_sk__meb2/debug/_ext/1023149444/drv_wifi_scan_helper.o
                0x800006f8                g_scanStatus
 *fill*         0x800006fe        0x2 
 .scommon       0x80000700        0x4 build/pic32mz_ef_sk__meb2/debug/_ext/2137108136/sys_debug.o
                0x80000700                gblErrLvl
 .scommon       0x80000704        0x8 build/pic32mz_ef_sk__meb2/debug/_ext/482662494/sys_devcon.o
                0x80000704                sysDevconObj
 .scommon       0x8000070c       0x19 build/pic32mz_ef_sk__meb2/debug/_ext/1750042194/sys_fs.o
                0x8000070c                gSYSFSObj
                0x80000714                errorValue
                0x80000718                mutexFileSystemObj
                0x8000071c                gSYSFSCurrentMountPoint
                0x80000724                mutexDirObj
 *fill*         0x80000725        0x3 
 .scommon       0x80000728        0x4 build/pic32mz_ef_sk__meb2/debug/_ext/1164207549/dhcps.o
                0x80000728                initTime
 .scommon       0x8000072c        0x4 build/pic32mz_ef_sk__meb2/debug/_ext/1164207549/tcpip_commands.o
                0x8000072c                icmpStartTick
 .scommon       0x80000730        0x2 build/pic32mz_ef_sk__meb2/debug/_ext/2136608937/usb_device_cdc.o
                0x80000730                gUSBDeviceCdcCommonDataObj
                0x80000732                _sbss_end = .
                0x80000734                . = ALIGN (0x4)
 *fill*         0x80000732        0x2 

.bss            0x80000734     0x3538
 *(.dynbss)
 *(COMMON)
 COMMON         0x80000734       0x28 build/pic32mz_ef_sk__meb2/debug/_ext/354995998/system_init.o
                0x80000734                sysObj
 COMMON         0x8000075c       0xf4 build/pic32mz_ef_sk__meb2/debug/_ext/1360937237/app.o
                0x8000075c                g_redirectionConfig
                0x800007e4                g_wifi_cfg
 COMMON         0x80000850      0x154 build/pic32mz_ef_sk__meb2/debug/_ext/184581597/drv_nvm.o
                0x80000850                gDrvNVMObj
                0x80000884                gDrvNVMBufferObject
                0x80000974                gDrvNVMClientObj
 COMMON         0x800009a4      0x120 build/pic32mz_ef_sk__meb2/debug/_ext/179651966/drv_usbhs.o
                0x800009a4                gDrvUSBEndpoints
                0x80000a04                gDrvUSBObj
 COMMON         0x80000ac4       0x62 build/pic32mz_ef_sk__meb2/debug/_ext/1023149444/drv_wifi_event_handler.o
                0x80000ac4                g_passphraseReady
 *fill*         0x80000b26        0x2 
 COMMON         0x80000b28        0xa build/pic32mz_ef_sk__meb2/debug/_ext/1023149444/drv_wifi_raw.o
                0x80000b28                RawMoveState
 *fill*         0x80000b32        0x2 
 COMMON         0x80000b34      0xb54 build/pic32mz_ef_sk__meb2/debug/_ext/1023149444/drv_wifi_scan_helper.o
                0x80000b34                g_scanResults
 COMMON         0x80001688       0x10 build/pic32mz_ef_sk__meb2/debug/_ext/2137108136/sys_debug.o
                0x80001688                sysDebugInstance
 COMMON         0x80001698     0x1c84 build/pic32mz_ef_sk__meb2/debug/_ext/1750042194/sys_fs.o
                0x80001698                gSYSFSFileObj
                0x80003128                gSYSFSDirObj
                0x800032b8                gSYSFSMountPoint
 COMMON         0x8000331c       0xc4 build/pic32mz_ef_sk__meb2/debug/_ext/1750042194/sys_fs_media_manager.o
                0x8000331c                VolToPart
                0x80003328                gSYSFSVolumeObject
                0x800033b4                gSYSFSMediaObject
 COMMON         0x800033e0       0x10 build/pic32mz_ef_sk__meb2/debug/_ext/614935175/mpfs.o
                0x800033e0                mpfsObject
 COMMON         0x800033f0      0x7d0 build/pic32mz_ef_sk__meb2/debug/_ext/1164207549/tcpip_commands.o
                0x800033f0                icmpPingBuff
 COMMON         0x80003bc0       0xac build/pic32mz_ef_sk__meb2/debug/_ext/2136608937/usb_device_cdc.o
                0x80003bc0                gUSBDeviceCDCIRP
                0x80003c2c                gUSBDeviceCDCInstance
                0x80003c6c                . = ALIGN ((. != 0x0)?0x4:0x1)
                0x80003c6c                . = ALIGN (0x4)
                0x80003c6c                _end = .
                0x80003c6c                _bss_end = .
                0x00080000                _bmxdudba_address = 0x80000
                0x00080000                _bmxdupba_address = 0x80000

/DISCARD/
 *(.pdr)
 *(.rel.dyn)
 *(.note.GNU-stack)
 *(.note.GNU-stack)
 *(.gnu_debuglink)
 *(.gnu.lto_*)
 *(.discard)

.gptab.sdata
 *(.gptab.data)
 *(.gptab.sdata)

.gptab.sbss
 *(.gptab.bss)
 *(.gptab.sbss)

.mdebug.abi32   0x80003c6c        0x0
 *(.mdebug.abi32)
 .mdebug.abi32  0x80003c6c        0x0 c:/program files (x86)/microchip/xc32/v1.42/bin/bin/../../lib/gcc/pic32mx/4.8.3/../../../../pic32mx/lib/fpu64\software-debug-break.o
 .mdebug.abi32  0x80003c6c        0x0 build/pic32mz_ef_sk__meb2/debug/_ext/1478038578/bsp.o
 .mdebug.abi32  0x80003c6c        0x0 build/pic32mz_ef_sk__meb2/debug/_ext/1954767753/drv_spi_tasks.o
 .mdebug.abi32  0x80003c6c        0x0 build/pic32mz_ef_sk__meb2/debug/_ext/1954767753/drv_spi_api.o
 .mdebug.abi32  0x80003c6c        0x0 build/pic32mz_ef_sk__meb2/debug/_ext/1954767753/drv_spi_master_ebm_tasks.o
 .mdebug.abi32  0x80003c6c        0x0 build/pic32mz_ef_sk__meb2/debug/_ext/1490669977/sys_clk_static.o
 .mdebug.abi32  0x80003c6c        0x0 build/pic32mz_ef_sk__meb2/debug/_ext/817156105/sys_ports_static.o
 .mdebug.abi32  0x80003c6c        0x0 build/pic32mz_ef_sk__meb2/debug/_ext/354995998/system_init.o
 .mdebug.abi32  0x80003c6c        0x0 build/pic32mz_ef_sk__meb2/debug/_ext/354995998/system_interrupt.o
 .mdebug.abi32  0x80003c6c        0x0 build/pic32mz_ef_sk__meb2/debug/_ext/354995998/system_exceptions.o
 .mdebug.abi32  0x80003c6c        0x0 build/pic32mz_ef_sk__meb2/debug/_ext/354995998/system_tasks.o
 .mdebug.abi32  0x80003c6c        0x0 build/pic32mz_ef_sk__meb2/debug/_ext/1360937237/app.o
 .mdebug.abi32  0x80003c6c        0x0 build/pic32mz_ef_sk__meb2/debug/_ext/1360937237/app_commands.o
 .mdebug.abi32  0x80003c6c        0x0 build/pic32mz_ef_sk__meb2/debug/_ext/1360937237/main.o
 .mdebug.abi32  0x80003c6c        0x0 build/pic32mz_ef_sk__meb2/debug/_ext/1360937237/http_print.o
 .mdebug.abi32  0x80003c6c        0x0 build/pic32mz_ef_sk__meb2/debug/_ext/1360937237/custom_http_app.o
 .mdebug.abi32  0x80003c6c        0x0 build/pic32mz_ef_sk__meb2/debug/_ext/1360937237/mpfs_img2.o
 .mdebug.abi32  0x80003c6c        0x0 build/pic32mz_ef_sk__meb2/debug/_ext/2046866571/adler32.o
 .mdebug.abi32  0x80003c6c        0x0 build/pic32mz_ef_sk__meb2/debug/_ext/2046866571/compress.o
 .mdebug.abi32  0x80003c6c        0x0 build/pic32mz_ef_sk__meb2/debug/_ext/2046866571/crc32.o
 .mdebug.abi32  0x80003c6c        0x0 build/pic32mz_ef_sk__meb2/debug/_ext/2046866571/deflate.o
 .mdebug.abi32  0x80003c6c        0x0 build/pic32mz_ef_sk__meb2/debug/_ext/2046866571/infback.o
 .mdebug.abi32  0x80003c6c        0x0 build/pic32mz_ef_sk__meb2/debug/_ext/2046866571/inffast.o
 .mdebug.abi32  0x80003c6c        0x0 build/pic32mz_ef_sk__meb2/debug/_ext/2046866571/inflate.o
 .mdebug.abi32  0x80003c6c        0x0 build/pic32mz_ef_sk__meb2/debug/_ext/2046866571/inftrees.o
 .mdebug.abi32  0x80003c6c        0x0 build/pic32mz_ef_sk__meb2/debug/_ext/2046866571/trees.o
 .mdebug.abi32  0x80003c6c        0x0 build/pic32mz_ef_sk__meb2/debug/_ext/2046866571/uncompr.o
 .mdebug.abi32  0x80003c6c        0x0 build/pic32mz_ef_sk__meb2/debug/_ext/2046866571/zutil.o
 .mdebug.abi32  0x80003c6c        0x0 build/pic32mz_ef_sk__meb2/debug/_ext/29024758/ecc.o
 .mdebug.abi32  0x80003c6c        0x0 build/pic32mz_ef_sk__meb2/debug/_ext/29024758/arc4.o
 .mdebug.abi32  0x80003c6c        0x0 build/pic32mz_ef_sk__meb2/debug/_ext/29024758/pwdbased.o
 .mdebug.abi32  0x80003c6c        0x0 build/pic32mz_ef_sk__meb2/debug/_ext/29024758/tfm.o
 .mdebug.abi32  0x80003c6c        0x0 build/pic32mz_ef_sk__meb2/debug/_ext/29024758/asn.o
 .mdebug.abi32  0x80003c6c        0x0 build/pic32mz_ef_sk__meb2/debug/_ext/29024758/des3.o
 .mdebug.abi32  0x80003c6c        0x0 build/pic32mz_ef_sk__meb2/debug/_ext/29024758/rsa.o
 .mdebug.abi32  0x80003c6c        0x0 build/pic32mz_ef_sk__meb2/debug/_ext/29024758/aes.o
 .mdebug.abi32  0x80003c6c        0x0 build/pic32mz_ef_sk__meb2/debug/_ext/29024758/md5.o
 .mdebug.abi32  0x80003c6c        0x0 build/pic32mz_ef_sk__meb2/debug/_ext/29024758/sha.o
 .mdebug.abi32  0x80003c6c        0x0 build/pic32mz_ef_sk__meb2/debug/_ext/29024758/sha256.o
 .mdebug.abi32  0x80003c6c        0x0 build/pic32mz_ef_sk__meb2/debug/_ext/29024758/sha512.o
 .mdebug.abi32  0x80003c6c        0x0 build/pic32mz_ef_sk__meb2/debug/_ext/29024758/hmac.o
 .mdebug.abi32  0x80003c6c        0x0 build/pic32mz_ef_sk__meb2/debug/_ext/29024758/hash.o
 .mdebug.abi32  0x80003c6c        0x0 build/pic32mz_ef_sk__meb2/debug/_ext/29024758/compress.o
 .mdebug.abi32  0x80003c6c        0x0 build/pic32mz_ef_sk__meb2/debug/_ext/29024758/random.o
 .mdebug.abi32  0x80003c6c        0x0 build/pic32mz_ef_sk__meb2/debug/_ext/29024758/crypto.o
 .mdebug.abi32  0x80003c6c        0x0 build/pic32mz_ef_sk__meb2/debug/_ext/29024758/asm.o
 .mdebug.abi32  0x80003c6c        0x0 build/pic32mz_ef_sk__meb2/debug/_ext/29024758/coding.o
 .mdebug.abi32  0x80003c6c        0x0 build/pic32mz_ef_sk__meb2/debug/_ext/29024758/error.o
 .mdebug.abi32  0x80003c6c        0x0 build/pic32mz_ef_sk__meb2/debug/_ext/29024758/integer.o
 .mdebug.abi32  0x80003c6c        0x0 build/pic32mz_ef_sk__meb2/debug/_ext/29024758/logging.o
 .mdebug.abi32  0x80003c6c        0x0 build/pic32mz_ef_sk__meb2/debug/_ext/29024758/memory.o
 .mdebug.abi32  0x80003c6c        0x0 build/pic32mz_ef_sk__meb2/debug/_ext/29024758/misc.o
 .mdebug.abi32  0x80003c6c        0x0 build/pic32mz_ef_sk__meb2/debug/_ext/29024758/port.o
 .mdebug.abi32  0x80003c6c        0x0 build/pic32mz_ef_sk__meb2/debug/_ext/184581597/drv_nvm.o
 .mdebug.abi32  0x80003c6c        0x0 build/pic32mz_ef_sk__meb2/debug/_ext/184581597/drv_nvm_erasewrite.o
 .mdebug.abi32  0x80003c6c        0x0 build/pic32mz_ef_sk__meb2/debug/_ext/1324760662/drv_spi.o
 .mdebug.abi32  0x80003c6c        0x0 build/pic32mz_ef_sk__meb2/debug/_ext/1385053818/drv_spi_sys_queue_fifo.o
 .mdebug.abi32  0x80003c6c        0x0 build/pic32mz_ef_sk__meb2/debug/_ext/941160041/drv_tmr.o
 .mdebug.abi32  0x80003c6c        0x0 build/pic32mz_ef_sk__meb2/debug/_ext/179651966/drv_usbhs.o
 .mdebug.abi32  0x80003c6c        0x0 build/pic32mz_ef_sk__meb2/debug/_ext/179651966/drv_usbhs_device.o
 .mdebug.abi32  0x80003c6c        0x0 build/pic32mz_ef_sk__meb2/debug/_ext/1023149444/drv_wifi_com.o
 .mdebug.abi32  0x80003c6c        0x0 build/pic32mz_ef_sk__meb2/debug/_ext/1023149444/drv_wifi_commands.o
 .mdebug.abi32  0x80003c6c        0x0 build/pic32mz_ef_sk__meb2/debug/_ext/1023149444/drv_wifi_config_data.o
 .mdebug.abi32  0x80003c6c        0x0 build/pic32mz_ef_sk__meb2/debug/_ext/1023149444/drv_wifi_connection_algorithm.o
 .mdebug.abi32  0x80003c6c        0x0 build/pic32mz_ef_sk__meb2/debug/_ext/1023149444/drv_wifi_connection_manager.o
 .mdebug.abi32  0x80003c6c        0x0 build/pic32mz_ef_sk__meb2/debug/_ext/1023149444/drv_wifi_connection_profile.o
 .mdebug.abi32  0x80003c6c        0x0 build/pic32mz_ef_sk__meb2/debug/_ext/1023149444/drv_wifi_context_loader.o
 .mdebug.abi32  0x80003c6c        0x0 build/pic32mz_ef_sk__meb2/debug/_ext/1023149444/drv_wifi_debug_output.o
 .mdebug.abi32  0x80003c6c        0x0 build/pic32mz_ef_sk__meb2/debug/_ext/1023149444/drv_wifi_eint.o
 .mdebug.abi32  0x80003c6c        0x0 build/pic32mz_ef_sk__meb2/debug/_ext/1023149444/drv_wifi_events.o
 .mdebug.abi32  0x80003c6c        0x0 build/pic32mz_ef_sk__meb2/debug/_ext/1023149444/drv_wifi_event_handler.o
 .mdebug.abi32  0x80003c6c        0x0 build/pic32mz_ef_sk__meb2/debug/_ext/1023149444/drv_wifi_init.o
 .mdebug.abi32  0x80003c6c        0x0 build/pic32mz_ef_sk__meb2/debug/_ext/1023149444/drv_wifi_iwpriv.o
 .mdebug.abi32  0x80003c6c        0x0 build/pic32mz_ef_sk__meb2/debug/_ext/1023149444/drv_wifi_mac.o
 .mdebug.abi32  0x80003c6c        0x0 build/pic32mz_ef_sk__meb2/debug/_ext/1023149444/drv_wifi_main.o
 .mdebug.abi32  0x80003c6c        0x0 build/pic32mz_ef_sk__meb2/debug/_ext/1023149444/drv_wifi_mgmt_msg.o
 .mdebug.abi32  0x80003c6c        0x0 build/pic32mz_ef_sk__meb2/debug/_ext/1023149444/drv_wifi_param_msg.o
 .mdebug.abi32  0x80003c6c        0x0 build/pic32mz_ef_sk__meb2/debug/_ext/1023149444/drv_wifi_pbkdf2.o
 .mdebug.abi32  0x80003c6c        0x0 build/pic32mz_ef_sk__meb2/debug/_ext/1023149444/drv_wifi_power_save.o
 .mdebug.abi32  0x80003c6c        0x0 build/pic32mz_ef_sk__meb2/debug/_ext/1023149444/drv_wifi_raw.o
 .mdebug.abi32  0x80003c6c        0x0 build/pic32mz_ef_sk__meb2/debug/_ext/1023149444/drv_wifi_scan.o
 .mdebug.abi32  0x80003c6c        0x0 build/pic32mz_ef_sk__meb2/debug/_ext/1023149444/drv_wifi_scan_helper.o
 .mdebug.abi32  0x80003c6c        0x0 build/pic32mz_ef_sk__meb2/debug/_ext/1023149444/drv_wifi_softap_client_cache.o
 .mdebug.abi32  0x80003c6c        0x0 build/pic32mz_ef_sk__meb2/debug/_ext/1023149444/drv_wifi_spi.o